Microchip MPLAB XC8 Compiler V1.45 ()

Linker command line:

-W-3 --edf=C:\Program Files (x86)\Microchip\xc8\v1.45\dat\en_msgs.txt -cs \
  -h+dist/XC8_PIC16F877A/production\PIC16F877A_Constant_current.X.production.sym \
  --cmf=dist/XC8_PIC16F877A/production\PIC16F877A_Constant_current.X.production.cmf \
  -z -Q16F877A -oC:\Users\Amirz\AppData\Local\Temp\s77o.2 \
  -Mdist/XC8_PIC16F877A/production/PIC16F877A_Constant_current.X.production.map \
  -E1 -ver=XC8 -ASTACK=0110h-016fh -pstack=STACK -ACODE=00h-07FFhx4 \
  -ASTRCODE=00h-01FFFh -ASTRING=00h-0FFhx32 -ACONST=00h-0FFhx32 \
  -AENTRY=00h-0FFhx32 -ACOMMON=070h-07Fh -ABANK0=020h-06Fh \
  -ABANK1=0A0h-0EFh -ABANK2=0110h-016Fh -ABANK3=0190h-01EFh \
  -ARAM=020h-06Fh,0A0h-0EFh,0110h-016Fh,0190h-01EFh \
  -AABS1=020h-07Fh,0A0h-0EFh,0110h-016Fh,0190h-01EFh -ASFR0=00h-01Fh \
  -ASFR1=080h-09Fh -ASFR2=0100h-010Fh -ASFR3=0180h-018Fh \
  -preset_vec=00h,intentry=04h,init,end_init -ppowerup=CODE -pcinit=CODE \
  -pfunctab=ENTRY -ACONFIG=02007h-02007h -pconfig=CONFIG -DCONFIG=2 \
  -AIDLOC=02000h-02003h -pidloc=IDLOC -DIDLOC=2 -AEEDATA=00h-0FFh/02100h \
  -peeprom_data=EEDATA -DEEDATA=2 -DCODE=2 -DSTRCODE=2 -DSTRING=2 -DCONST=2 \
  -DENTRY=2 -k C:\Users\Amirz\AppData\Local\Temp\s77o.obj \
  dist/XC8_PIC16F877A/production\PIC16F877A_Constant_current.X.production.obj 

Object code version is 3.11

Machine type is 16F877A



                Name                               Link     Load   Length Selector   Space Scale
C:\Users\Amirz\AppData\Local\Temp\s77o.obj
                end_init                             12       12        3        8       0
                reset_vec                             0        0        3        0       0
                config                             2007     2007        1     400E       0
dist/XC8_PIC16F877A/production\PIC16F877A_Constant_current.X.production.obj
                cinit                                15       15       10        8       0
                intentry                              4        4        E        8       0
                text17                              38E      38E        B        8       0
                text16                              3AA      3AA        1        8       0
                text15                              218      218       72        8       0
                text14                               25       25       D3        8       0
                text13                              18A      18A       8E        8       0
                text12                              345      345       18        8       0
                text11                              35D      35D        F        8       0
                text10                              3A6      3A6        4        8       0
                text9                               3A0      3A0        6        8       0
                text8                               383      383        B        8       0
                text7                               378      378        B        8       0
                text6                               2C2      2C2       35        8       0
                text5                               399      399        7        8       0
                text4                               28A      28A       38        8       0
                text3                               36C      36C        C        8       0
                text2                               327      327       1E        8       0
                text1                               2F7      2F7       30        8       0
                maintext                             F8       F8       92        8       0
                cstackBANK0                          20       20       29       20       1
                cstackCOMMON                         70       70        A       70       1
                bssBANK0                             49       49        A       20       1

TOTAL           Name                               Link     Load   Length     Space
        CLASS   STACK          

        CLASS   CODE           
                end_init                             12       12        3         0
                cinit                                15       15       10         0
                intentry                              4        4        E         0
                reset_vec                             0        0        3         0
                text17                              38E      38E        B         0
                text16                              3AA      3AA        1         0
                text15                              218      218       72         0
                text14                               25       25       D3         0
                text13                              18A      18A       8E         0
                text12                              345      345       18         0
                text11                              35D      35D        F         0
                text10                              3A6      3A6        4         0
                text9                               3A0      3A0        6         0
                text8                               383      383        B         0
                text7                               378      378        B         0
                text6                               2C2      2C2       35         0
                text5                               399      399        7         0
                text4                               28A      28A       38         0
                text3                               36C      36C        C         0
                text2                               327      327       1E         0
                text1                               2F7      2F7       30         0
                maintext                             F8       F8       92         0

        CLASS   STRCODE        

        CLASS   STRING         

        CLASS   CONST          

        CLASS   ENTRY          

        CLASS   COMMON         
                cstackCOMMON                         70       70        A         1

        CLASS   BANK0          
                cstackBANK0                          20       20       29         1
                bssBANK0                             49       49        A         1

        CLASS   BANK1          

        CLASS   BANK2          

        CLASS   BANK3          

        CLASS   RAM            

        CLASS   ABS1           
                abs_s1                               7E       7E        2         1

        CLASS   SFR0           

        CLASS   SFR1           

        CLASS   SFR2           

        CLASS   SFR3           

        CLASS   CONFIG         
                config                             2007     2007        1         0

        CLASS   IDLOC          

        CLASS   EEDATA         



SEGMENTS        Name                           Load    Length   Top    Selector   Space  Class     Delta

                reset_vec                      000000  000003  000003         0       0  CODE        2
                intentry                       000004  0003A7  0003AB         8       0  CODE        2
                cstackBANK0                    000020  000033  000053        20       1  BANK0       1
                cstackCOMMON                   000070  00000A  00007A        70       1  COMMON      1
                config                         002007  000001  002008      400E       0  CONFIG      2


UNUSED ADDRESS RANGES

        Name                Unused          Largest block    Delta
        BANK0            0053-006F             1D           1
        BANK1            00A0-00EF             50           1
        BANK2            0110-016F             60           1
        BANK3            0190-01EF             60           1
        CODE             0003-0003              1           2
                         03AB-1FFF            800
        COMMON           007A-007D              4           1
        CONST            0003-0003              1           2
                         03AB-1FFF            100
        EEDATA           2100-21FF            100           2
        ENTRY            0003-0003              1           2
                         03AB-1FFF            100
        IDLOC            2000-2003              4           2
        RAM              0053-006F             1D           1
                         00A0-00EF             50
                         0110-016F             60
                         0190-01EF             60
        SFR0             0000-001F             20           1
        SFR1             0080-009F             20           1
        SFR2             0100-010F             10           1
        SFR3             0180-018F             10           1
        STACK            0110-016F             60           1
        STRCODE          0003-0003              1           2
                         03AB-1FFF           1C55
        STRING           0003-0003              1           2
                         03AB-1FFF            100

                                  Symbol Table

?___ftmul                        cstackBANK0  0027
?___ftpack                       cstackCOMMON 0074
?___fttol                        cstackBANK0  0037
?___lwtoft                       cstackBANK0  0023
?_ui_adc_read                    cstackCOMMON 0074
_ADCS0                           (abs)        00FE
_ADCS1                           (abs)        00FF
_ADFM                            (abs)        04FF
_ADON                            (abs)        00F8
_ADRESH                          (abs)        001E
_ADRESL                          (abs)        009E
_CCP2CON                         (abs)        001D
_CCP2M0                          (abs)        00E8
_CCP2M1                          (abs)        00E9
_CCP2M2                          (abs)        00EA
_CCP2M3                          (abs)        00EB
_CCPR2L                          (abs)        001B
_CHS0                            (abs)        00FB
_CHS1                            (abs)        00FC
_CHS2                            (abs)        00FD
_GO_nDONE                        (abs)        00FA
_InitApp                         text16       03AA
_PCFG0                           (abs)        04F8
_PCFG1                           (abs)        04F9
_PCFG2                           (abs)        04FA
_PCFG3                           (abs)        04FB
_PORTA                           (abs)        0005
_PORTB                           (abs)        0006
_PORTC                           (abs)        0007
_PORTD                           (abs)        0008
_PR2                             (abs)        0092
_RB4                             (abs)        0034
_RB5                             (abs)        0035
_T2CKPS0                         (abs)        0090
_T2CKPS1                         (abs)        0091
_TMR2ON                          (abs)        0092
_TRISA                           (abs)        0085
_TRISB                           (abs)        0086
_TRISC                           (abs)        0087
_TRISD                           (abs)        0088
__CFG_BOREN$ON                   (abs)        0000
__CFG_CP$OFF                     (abs)        0000
__CFG_CPD$OFF                    (abs)        0000
__CFG_FOSC$HS                    (abs)        0000
__CFG_LVP$OFF                    (abs)        0000
__CFG_PWRTE$ON                   (abs)        0000
__CFG_WDTE$OFF                   (abs)        0000
__CFG_WRT$OFF                    (abs)        0000
__Habs1                          abs1         0000
__Hbank0                         bank0        0000
__Hbank1                         bank1        0000
__Hbank2                         bank2        0000
__Hbank3                         bank3        0000
__HbssBANK0                      bssBANK0     0000
__Hcinit                         cinit        0025
__Hclrtext                       clrtext      0000
__Hcode                          code         0000
__Hcommon                        common       0000
__Hconfig                        config       2008
__HcstackBANK0                   cstackBANK0  0000
__HcstackCOMMON                  cstackCOMMON 0000
__Heeprom_data                   eeprom_data  0000
__Hend_init                      end_init     0015
__Hfunctab                       functab      0000
__Hidloc                         idloc        0000
__Hinit                          init         0012
__Hintentry                      intentry     0012
__Hmaintext                      maintext     0000
__Hpowerup                       powerup      0000
__Hram                           ram          0000
__Hreset_vec                     reset_vec    0003
__Hsfr0                          sfr0         0000
__Hsfr1                          sfr1         0000
__Hsfr2                          sfr2         0000
__Hsfr3                          sfr3         0000
__Hspace_0                       (abs)        2008
__Hspace_1                       (abs)        007A
__Hspace_2                       (abs)        0000
__Hspace_3                       (abs)        0000
__Hstack                         stack        0000
__Hstrings                       strings      0000
__Htext                          text         0000
__Labs1                          abs1         0000
__Lbank0                         bank0        0000
__Lbank1                         bank1        0000
__Lbank2                         bank2        0000
__Lbank3                         bank3        0000
__LbssBANK0                      bssBANK0     0000
__Lcinit                         cinit        0015
__Lclrtext                       clrtext      0000
__Lcode                          code         0000
__Lcommon                        common       0000
__Lconfig                        config       2007
__LcstackBANK0                   cstackBANK0  0000
__LcstackCOMMON                  cstackCOMMON 0000
__Leeprom_data                   eeprom_data  0000
__Lend_init                      end_init     0012
__Lfunctab                       functab      0000
__Lidloc                         idloc        0000
__Linit                          init         0012
__Lintentry                      intentry     0004
__Lmaintext                      maintext     0000
__Lpowerup                       powerup      0000
__Lram                           ram          0000
__Lreset_vec                     reset_vec    0000
__Lsfr0                          sfr0         0000
__Lsfr1                          sfr1         0000
__Lsfr2                          sfr2         0000
__Lsfr3                          sfr3         0000
__Lspace_0                       (abs)        0000
__Lspace_1                       (abs)        0000
__Lspace_2                       (abs)        0000
__Lspace_3                       (abs)        0000
__Lstack                         stack        0000
__Lstrings                       strings      0000
__Ltext                          text         0000
__S0                             (abs)        2008
__S1                             (abs)        007A
__S2                             (abs)        0000
__S3                             (abs)        0000
___ftmul                         text14       0025
___ftmul@cntr                    cstackBANK0  0035
___ftmul@exp                     cstackBANK0  0031
___ftmul@f1                      cstackBANK0  0027
___ftmul@f2                      cstackBANK0  002A
___ftmul@f3_as_product           cstackBANK0  0032
___ftmul@sign                    cstackBANK0  0036
___ftpack                        text15       0218
___ftpack@arg                    cstackCOMMON 0074
___ftpack@exp                    cstackCOMMON 0077
___ftpack@sign                   cstackCOMMON 0078
___fttol                         text13       018A
___fttol@exp1                    cstackBANK0  0044
___fttol@f1                      cstackBANK0  0037
___fttol@lval                    cstackBANK0  0040
___fttol@sign1                   cstackBANK0  003F
___int_sp                        stack        0000
___latbits                       (abs)        0002
___lwtoft                        text12       0345
___lwtoft@c                      cstackBANK0  0023
___sp                            stack        0000
__end_of_InitApp                 text16       03AB
__end_of___ftmul                 text14       00F8
__end_of___ftpack                text15       028A
__end_of___fttol                 text13       0218
__end_of___lwtoft                text12       035D
__end_of__initialization         cinit        0021
__end_of_adc_initialize          text11       036C
__end_of_adc_on                  text10       03AA
__end_of_isr                     text17       0399
__end_of_lcd_clear               text5        03A0
__end_of_lcd_initialize          text4        02C2
__end_of_main                    maintext     018A
__end_of_pwm_initialize          text3        0378
__end_of_pwm_set_duty_cycle      text2        0345
__end_of_send_lcd_data           text6        02F7
__end_of_set_lcd_data            text9        03A6
__end_of_set_lcd_e               text8        038E
__end_of_set_lcd_rs              text7        0383
__end_of_ui_adc_read             text1        0327
__initialization                 cinit        0015
__pbssBANK0                      bssBANK0     0049
__pcstackBANK0                   cstackBANK0  0020
__pcstackCOMMON                  cstackCOMMON 0070
__pintentry                      intentry     0004
__pmaintext                      maintext     00F8
__ptext1                         text1        02F7
__ptext10                        text10       03A6
__ptext11                        text11       035D
__ptext12                        text12       0345
__ptext13                        text13       018A
__ptext14                        text14       0025
__ptext15                        text15       0218
__ptext16                        text16       03AA
__ptext17                        text17       038E
__ptext2                         text2        0327
__ptext3                         text3        036C
__ptext4                         text4        028A
__ptext5                         text5        0399
__ptext6                         text6        02C2
__ptext7                         text7        0378
__ptext8                         text8        0383
__ptext9                         text9        03A0
__size_of_InitApp                (abs)        0000
__size_of___ftmul                (abs)        0000
__size_of___ftpack               (abs)        0000
__size_of___fttol                (abs)        0000
__size_of___lwtoft               (abs)        0000
__size_of_adc_initialize         (abs)        0000
__size_of_adc_on                 (abs)        0000
__size_of_isr                    (abs)        0000
__size_of_lcd_clear              (abs)        0000
__size_of_lcd_initialize         (abs)        0000
__size_of_main                   (abs)        0000
__size_of_pwm_initialize         (abs)        0000
__size_of_pwm_set_duty_cycle     (abs)        0000
__size_of_send_lcd_data          (abs)        0000
__size_of_set_lcd_data           (abs)        0000
__size_of_set_lcd_e              (abs)        0000
__size_of_set_lcd_rs             (abs)        0000
__size_of_ui_adc_read            (abs)        0000
_adc_initialize                  text11       035D
_adc_on                          text10       03A6
_isr                             text17       038E
_lcd_clear                       text5        0399
_lcd_initialize                  text4        028A
_main                            maintext     00F8
_pwm_initialize                  text3        036C
_pwm_set_duty_cycle              text2        0327
_send_lcd_data                   text6        02C2
_set_lcd_data                    text9        03A0
_set_lcd_e                       text8        0383
_set_lcd_rs                      text7        0378
_ui_adc_read                     text1        02F7
btemp                            (abs)        007E
end_of_initialization            cinit        0021
interrupt_function               intentry     0004
intlevel0                        functab      0000
intlevel1                        functab      0000
intlevel2                        functab      0000
intlevel3                        functab      0000
intlevel4                        functab      0000
intlevel5                        functab      0000
lcd_bcd@F1134                    bssBANK0     0049
main@current                     cstackBANK0  0045
main@pwm                         cstackBANK0  0047
pwm_set_duty_cycle@ui_duty_cycle cstackCOMMON 0074
reset_vec                        reset_vec    0000
saved_w                          (abs)        007E
send_lcd_data@b_rs               cstackCOMMON 0078
send_lcd_data@uc_data            cstackCOMMON 0075
set_lcd_data@uc_data             cstackCOMMON 0074
set_lcd_e@b_output               cstackCOMMON 0074
set_lcd_rs@b_output              cstackCOMMON 0074
stackhi                          (abs)        0000
stacklo                          (abs)        0000
start                            init         0012
start_initialization             cinit        0015
ui_adc_read@pot                  cstackCOMMON 0078
wtemp0                           (abs)        007E


FUNCTION INFORMATION:

 *************** function _main *****************
 Defined at:
		line 21 in file "main.c"
 Parameters:    Size  Location     Type
		None
 Auto vars:     Size  Location     Type
  pwm             2   39[BANK0 ] unsigned int 
  current         2   37[BANK0 ] unsigned int 
 Return value:  Size  Location     Type
                  1    wreg      void 
 Registers used:
		wreg, status,2, status,0, btemp+1, pclath, cstack
 Tracked objects:
		On entry : 
		On exit  : 
		Unchanged: 
 Data sizes:     COMMON   BANK0   BANK1   BANK3   BANK2
      Params:         0       0       0       0       0
      Locals:         0       4       0       0       0
      Temps:          0       0       0       0       0
      Totals:         0       4       0       0       0
Total ram usage:        4 bytes
 Hardware stack levels required when called:    5
 This function calls:
		_InitApp
		___ftmul
		___fttol
		___lwtoft
		_adc_initialize
		_adc_on
		_lcd_initialize
		_pwm_initialize
		_pwm_set_duty_cycle
		_ui_adc_read
 This function is called by:
		Startup code after reset
 This function uses a non-reentrant model


 *************** function _ui_adc_read *****************
 Defined at:
		line 107 in file "adc.c"
 Parameters:    Size  Location     Type
		None
 Auto vars:     Size  Location     Type
  pot             2    8[COMMON] unsigned int 
 Return value:  Size  Location     Type
                  2    4[COMMON] unsigned int 
 Registers used:
		wreg, status,2, btemp+1
 Tracked objects:
		On entry : 
		On exit  : 
		Unchanged: 
 Data sizes:     COMMON   BANK0   BANK1   BANK3   BANK2
      Params:         2       0       0       0       0
      Locals:         2       0       0       0       0
      Temps:          2       0       0       0       0
      Totals:         6       0       0       0       0
Total ram usage:        6 bytes
 Hardware stack levels used:    1
 Hardware stack levels required when called:    1
 This function calls:
		Nothing
 This function is called by:
		_main
 This function uses a non-reentrant model


 *************** function _pwm_set_duty_cycle *****************
 Defined at:
		line 63 in file "pwm.c"
 Parameters:    Size  Location     Type
  ui_duty_cycl    2    4[COMMON] unsigned int 
 Auto vars:     Size  Location     Type
		None
 Return value:  Size  Location     Type
                  1    wreg      void 
 Registers used:
		wreg, status,2, status,0
 Tracked objects:
		On entry : 
		On exit  : 
		Unchanged: 
 Data sizes:     COMMON   BANK0   BANK1   BANK3   BANK2
      Params:         2       0       0       0       0
      Locals:         0       0       0       0       0
      Temps:          2       0       0       0       0
      Totals:         4       0       0       0       0
Total ram usage:        4 bytes
 Hardware stack levels used:    1
 Hardware stack levels required when called:    1
 This function calls:
		Nothing
 This function is called by:
		_main
 This function uses a non-reentrant model


 *************** function _pwm_initialize *****************
 Defined at:
		line 29 in file "pwm.c"
 Parameters:    Size  Location     Type
		None
 Auto vars:     Size  Location     Type
		None
 Return value:  Size  Location     Type
                  1    wreg      void 
 Registers used:
		status,2
 Tracked objects:
		On entry : 
		On exit  : 
		Unchanged: 
 Data sizes:     COMMON   BANK0   BANK1   BANK3   BANK2
      Params:         0       0       0       0       0
      Locals:         0       0       0       0       0
      Temps:          0       0       0       0       0
      Totals:         0       0       0       0       0
Total ram usage:        0 bytes
 Hardware stack levels used:    1
 Hardware stack levels required when called:    1
 This function calls:
		Nothing
 This function is called by:
		_main
 This function uses a non-reentrant model


 *************** function _lcd_initialize *****************
 Defined at:
		line 100 in file "lcd.c"
 Parameters:    Size  Location     Type
		None
 Auto vars:     Size  Location     Type
		None
 Return value:  Size  Location     Type
                  1    wreg      void 
 Registers used:
		wreg, status,2, status,0, pclath, cstack
 Tracked objects:
		On entry : 
		On exit  : 
		Unchanged: 
 Data sizes:     COMMON   BANK0   BANK1   BANK3   BANK2
      Params:         0       0       0       0       0
      Locals:         0       0       0       0       0
      Temps:          0       2       0       0       0
      Totals:         0       2       0       0       0
Total ram usage:        2 bytes
 Hardware stack levels used:    1
 Hardware stack levels required when called:    4
 This function calls:
		_lcd_clear
		_send_lcd_data
		_set_lcd_e
 This function is called by:
		_main
 This function uses a non-reentrant model


 *************** function _lcd_clear *****************
 Defined at:
		line 136 in file "lcd.c"
 Parameters:    Size  Location     Type
		None
 Auto vars:     Size  Location     Type
		None
 Return value:  Size  Location     Type
                  1    wreg      void 
 Registers used:
		wreg, status,2, status,0, pclath, cstack
 Tracked objects:
		On entry : 
		On exit  : 
		Unchanged: 
 Data sizes:     COMMON   BANK0   BANK1   BANK3   BANK2
      Params:         0       0       0       0       0
      Locals:         0       0       0       0       0
      Temps:          0       0       0       0       0
      Totals:         0       0       0       0       0
Total ram usage:        0 bytes
 Hardware stack levels used:    1
 Hardware stack levels required when called:    3
 This function calls:
		_send_lcd_data
 This function is called by:
		_lcd_initialize
 This function uses a non-reentrant model


 *************** function _send_lcd_data *****************
 Defined at:
		line 308 in file "lcd.c"
 Parameters:    Size  Location     Type
  b_rs            1    wreg     unsigned char 
  uc_data         1    5[COMMON] unsigned char 
 Auto vars:     Size  Location     Type
  b_rs            1    8[COMMON] unsigned char 
 Return value:  Size  Location     Type
                  1    wreg      void 
 Registers used:
		wreg, status,2, status,0, pclath, cstack
 Tracked objects:
		On entry : 
		On exit  : 
		Unchanged: 
 Data sizes:     COMMON   BANK0   BANK1   BANK3   BANK2
      Params:         1       0       0       0       0
      Locals:         1       0       0       0       0
      Temps:          2       0       0       0       0
      Totals:         4       0       0       0       0
Total ram usage:        4 bytes
 Hardware stack levels used:    1
 Hardware stack levels required when called:    2
 This function calls:
		_set_lcd_data
		_set_lcd_e
		_set_lcd_rs
 This function is called by:
		_lcd_initialize
		_lcd_clear
		_lcd_home
		_lcd_2ndline
		_lcd_goto
		_lcd_putchar
 This function uses a non-reentrant model


 *************** function _set_lcd_rs *****************
 Defined at:
		line 360 in file "lcd.c"
 Parameters:    Size  Location     Type
  b_output        1    wreg     unsigned char 
 Auto vars:     Size  Location     Type
  b_output        1    4[COMMON] unsigned char 
 Return value:  Size  Location     Type
                  1    wreg      void 
 Registers used:
		wreg
 Tracked objects:
		On entry : 
		On exit  : 
		Unchanged: 
 Data sizes:     COMMON   BANK0   BANK1   BANK3   BANK2
      Params:         0       0       0       0       0
      Locals:         1       0       0       0       0
      Temps:          0       0       0       0       0
      Totals:         1       0       0       0       0
Total ram usage:        1 bytes
 Hardware stack levels used:    1
 Hardware stack levels required when called:    1
 This function calls:
		Nothing
 This function is called by:
		_send_lcd_data
 This function uses a non-reentrant model


 *************** function _set_lcd_e *****************
 Defined at:
		line 340 in file "lcd.c"
 Parameters:    Size  Location     Type
  b_output        1    wreg     unsigned char 
 Auto vars:     Size  Location     Type
  b_output        1    4[COMMON] unsigned char 
 Return value:  Size  Location     Type
                  1    wreg      void 
 Registers used:
		wreg
 Tracked objects:
		On entry : 
		On exit  : 
		Unchanged: 
 Data sizes:     COMMON   BANK0   BANK1   BANK3   BANK2
      Params:         0       0       0       0       0
      Locals:         1       0       0       0       0
      Temps:          0       0       0       0       0
      Totals:         1       0       0       0       0
Total ram usage:        1 bytes
 Hardware stack levels used:    1
 Hardware stack levels required when called:    1
 This function calls:
		Nothing
 This function is called by:
		_lcd_initialize
		_send_lcd_data
 This function uses a non-reentrant model


 *************** function _set_lcd_data *****************
 Defined at:
		line 380 in file "lcd.c"
 Parameters:    Size  Location     Type
  uc_data         1    wreg     unsigned char 
 Auto vars:     Size  Location     Type
  uc_data         1    4[COMMON] unsigned char 
 Return value:  Size  Location     Type
                  1    wreg      void 
 Registers used:
		wreg
 Tracked objects:
		On entry : 
		On exit  : 
		Unchanged: 
 Data sizes:     COMMON   BANK0   BANK1   BANK3   BANK2
      Params:         0       0       0       0       0
      Locals:         1       0       0       0       0
      Temps:          0       0       0       0       0
      Totals:         1       0       0       0       0
Total ram usage:        1 bytes
 Hardware stack levels used:    1
 Hardware stack levels required when called:    1
 This function calls:
		Nothing
 This function is called by:
		_send_lcd_data
 This function uses a non-reentrant model


 *************** function _adc_on *****************
 Defined at:
		line 64 in file "adc.c"
 Parameters:    Size  Location     Type
		None
 Auto vars:     Size  Location     Type
		None
 Return value:  Size  Location     Type
                  1    wreg      void 
 Registers used:
		None
 Tracked objects:
		On entry : 
		On exit  : 
		Unchanged: 
 Data sizes:     COMMON   BANK0   BANK1   BANK3   BANK2
      Params:         0       0       0       0       0
      Locals:         0       0       0       0       0
      Temps:          0       0       0       0       0
      Totals:         0       0       0       0       0
Total ram usage:        0 bytes
 Hardware stack levels used:    1
 Hardware stack levels required when called:    1
 This function calls:
		Nothing
 This function is called by:
		_main
 This function uses a non-reentrant model


 *************** function _adc_initialize *****************
 Defined at:
		line 28 in file "adc.c"
 Parameters:    Size  Location     Type
		None
 Auto vars:     Size  Location     Type
		None
 Return value:  Size  Location     Type
                  1    wreg      void 
 Registers used:
		None
 Tracked objects:
		On entry : 
		On exit  : 
		Unchanged: 
 Data sizes:     COMMON   BANK0   BANK1   BANK3   BANK2
      Params:         0       0       0       0       0
      Locals:         0       0       0       0       0
      Temps:          0       0       0       0       0
      Totals:         0       0       0       0       0
Total ram usage:        0 bytes
 Hardware stack levels used:    1
 Hardware stack levels required when called:    1
 This function calls:
		Nothing
 This function is called by:
		_main
 This function uses a non-reentrant model


 *************** function ___lwtoft *****************
 Defined at:
		line 28 in file "C:\Program Files (x86)\Microchip\xc8\v1.45\sources\common\lwtoft.c"
 Parameters:    Size  Location     Type
  c               2    3[BANK0 ] unsigned int 
 Auto vars:     Size  Location     Type
		None
 Return value:  Size  Location     Type
                  3    3[BANK0 ] float 
 Registers used:
		wreg, status,2, status,0, pclath, cstack
 Tracked objects:
		On entry : 
		On exit  : 
		Unchanged: 
 Data sizes:     COMMON   BANK0   BANK1   BANK3   BANK2
      Params:         0       3       0       0       0
      Locals:         0       0       0       0       0
      Temps:          0       1       0       0       0
      Totals:         0       4       0       0       0
Total ram usage:        4 bytes
 Hardware stack levels used:    1
 Hardware stack levels required when called:    2
 This function calls:
		___ftpack
 This function is called by:
		_main
 This function uses a non-reentrant model


 *************** function ___fttol *****************
 Defined at:
		line 44 in file "C:\Program Files (x86)\Microchip\xc8\v1.45\sources\common\fttol.c"
 Parameters:    Size  Location     Type
  f1              3   23[BANK0 ] float 
 Auto vars:     Size  Location     Type
  lval            4   32[BANK0 ] unsigned long 
  exp1            1   36[BANK0 ] unsigned char 
  sign1           1   31[BANK0 ] unsigned char 
 Return value:  Size  Location     Type
                  4   23[BANK0 ] long 
 Registers used:
		wreg, status,2, status,0
 Tracked objects:
		On entry : 
		On exit  : 
		Unchanged: 
 Data sizes:     COMMON   BANK0   BANK1   BANK3   BANK2
      Params:         0       4       0       0       0
      Locals:         0       6       0       0       0
      Temps:          0       4       0       0       0
      Totals:         0      14       0       0       0
Total ram usage:       14 bytes
 Hardware stack levels used:    1
 Hardware stack levels required when called:    1
 This function calls:
		Nothing
 This function is called by:
		_main
 This function uses a non-reentrant model


 *************** function ___ftmul *****************
 Defined at:
		line 62 in file "C:\Program Files (x86)\Microchip\xc8\v1.45\sources\common\ftmul.c"
 Parameters:    Size  Location     Type
  f1              3    7[BANK0 ] float 
  f2              3   10[BANK0 ] float 
 Auto vars:     Size  Location     Type
  f3_as_produc    3   18[BANK0 ] unsigned um
  sign            1   22[BANK0 ] unsigned char 
  cntr            1   21[BANK0 ] unsigned char 
  exp             1   17[BANK0 ] unsigned char 
 Return value:  Size  Location     Type
                  3    7[BANK0 ] float 
 Registers used:
		wreg, status,2, status,0, pclath, cstack
 Tracked objects:
		On entry : 
		On exit  : 
		Unchanged: 
 Data sizes:     COMMON   BANK0   BANK1   BANK3   BANK2
      Params:         0       6       0       0       0
      Locals:         0       6       0       0       0
      Temps:          0       4       0       0       0
      Totals:         0      16       0       0       0
Total ram usage:       16 bytes
 Hardware stack levels used:    1
 Hardware stack levels required when called:    2
 This function calls:
		___ftpack
 This function is called by:
		_main
 This function uses a non-reentrant model


 *************** function ___ftpack *****************
 Defined at:
		line 62 in file "C:\Program Files (x86)\Microchip\xc8\v1.45\sources\common\float.c"
 Parameters:    Size  Location     Type
  arg             3    4[COMMON] unsigned um
  exp             1    7[COMMON] unsigned char 
  sign            1    8[COMMON] unsigned char 
 Auto vars:     Size  Location     Type
		None
 Return value:  Size  Location     Type
                  3    4[COMMON] float 
 Registers used:
		wreg, status,2, status,0
 Tracked objects:
		On entry : 
		On exit  : 
		Unchanged: 
 Data sizes:     COMMON   BANK0   BANK1   BANK3   BANK2
      Params:         5       0       0       0       0
      Locals:         0       0       0       0       0
      Temps:          0       3       0       0       0
      Totals:         5       3       0       0       0
Total ram usage:        8 bytes
 Hardware stack levels used:    1
 Hardware stack levels required when called:    1
 This function calls:
		Nothing
 This function is called by:
		___ftmul
		___lwtoft
 This function uses a non-reentrant model


 *************** function _InitApp *****************
 Defined at:
		line 22 in file "user.c"
 Parameters:    Size  Location     Type
		None
 Auto vars:     Size  Location     Type
		None
 Return value:  Size  Location     Type
                  1    wreg      void 
 Registers used:
		None
 Tracked objects:
		On entry : 
		On exit  : 
		Unchanged: 
 Data sizes:     COMMON   BANK0   BANK1   BANK3   BANK2
      Params:         0       0       0       0       0
      Locals:         0       0       0       0       0
      Temps:          0       0       0       0       0
      Totals:         0       0       0       0       0
Total ram usage:        0 bytes
 Hardware stack levels used:    1
 Hardware stack levels required when called:    1
 This function calls:
		Nothing
 This function is called by:
		_main
 This function uses a non-reentrant model


 *************** function _isr *****************
 Defined at:
		line 6 in file "interrupts.c"
 Parameters:    Size  Location     Type
		None
 Auto vars:     Size  Location     Type
		None
 Return value:  Size  Location     Type
                  1    wreg      void 
 Registers used:
		None
 Tracked objects:
		On entry : 
		On exit  : 
		Unchanged: 
 Data sizes:     COMMON   BANK0   BANK1   BANK3   BANK2
      Params:         0       0       0       0       0
      Locals:         0       0       0       0       0
      Temps:          4       0       0       0       0
      Totals:         4       0       0       0       0
Total ram usage:        4 bytes
 Hardware stack levels used:    1
 This function calls:
		Nothing
 This function is called by:
		Interrupt level 1
 This function uses a non-reentrant model



MODULE INFORMATION

Module		Function		Class		Link	Load	Size
C:\Program Files (x86)\Microchip\xc8\v1.45\sources\common\float.c
		___ftpack      		CODE           	0218	0000	115

C:\Program Files (x86)\Microchip\xc8\v1.45\sources\common\float.c estimated size: 115

interrupts.c
		_isr           		CODE           	038E	0000	12

interrupts.c estimated size: 12

pwm.c
		_pwm_initialize		CODE           	036C	0000	13
		_pwm_set_duty_cycle		CODE           	0327	0000	31

pwm.c estimated size: 44

C:\Program Files (x86)\Microchip\xc8\v1.45\sources\common\ftmul.c
		___ftmul       		CODE           	0025	0000	212

C:\Program Files (x86)\Microchip\xc8\v1.45\sources\common\ftmul.c estimated size: 212

adc.c
		_adc_initialize		CODE           	035D	0000	16
		_adc_on        		CODE           	03A6	0000	5
		_ui_adc_read   		CODE           	02F7	0000	49

adc.c estimated size: 70

shared
		__initialization		CODE           	0015	0000	13

shared estimated size: 13

C:\Program Files (x86)\Microchip\xc8\v1.45\sources\common\fttol.c
		___fttol       		CODE           	018A	0000	143

C:\Program Files (x86)\Microchip\xc8\v1.45\sources\common\fttol.c estimated size: 143

lcd.c
		_set_lcd_e     		CODE           	0383	0000	12
		_set_lcd_rs    		CODE           	0378	0000	12
		_set_lcd_data  		CODE           	03A0	0000	7
		_lcd_initialize		CODE           	028A	0000	57
		_lcd_clear     		CODE           	0399	0000	8
		_send_lcd_data 		CODE           	02C2	0000	54

lcd.c estimated size: 150

user.c
		_InitApp       		CODE           	03AA	0000	2

user.c estimated size: 2

main.c
		_main          		CODE           	00F8	0000	147

main.c estimated size: 147

C:\Program Files (x86)\Microchip\xc8\v1.45\sources\common\lwtoft.c
		___lwtoft      		CODE           	0345	0000	25

C:\Program Files (x86)\Microchip\xc8\v1.45\sources\common\lwtoft.c estimated size: 25

