Microchip MPLAB XC8 Compiler V1.45 ()

Linker command line:

-W-3 --edf=C:\Program Files (x86)\Microchip\xc8\v1.45\dat\en_msgs.txt -cs \
  -h+dist/XC8_PIC16F877A/production\PIC16F877A_MCP23017.X.production.sym \
  --cmf=dist/XC8_PIC16F877A/production\PIC16F877A_MCP23017.X.production.cmf \
  -z -Q16F877A -oC:\Users\Amirz\AppData\Local\Temp\s4j4.2 \
  -Mdist/XC8_PIC16F877A/production/PIC16F877A_MCP23017.X.production.map -E1 \
  -ver=XC8 -ASTACK=0110h-016fh -pstack=STACK -ACODE=00h-07FFhx4 \
  -ASTRCODE=00h-01FFFh -ASTRING=00h-0FFhx32 -ACONST=00h-0FFhx32 \
  -AENTRY=00h-0FFhx32 -ACOMMON=070h-07Fh -ABANK0=020h-06Fh \
  -ABANK1=0A0h-0EFh -ABANK2=0110h-016Fh -ABANK3=0190h-01EFh \
  -ARAM=020h-06Fh,0A0h-0EFh,0110h-016Fh,0190h-01EFh \
  -AABS1=020h-07Fh,0A0h-0EFh,0110h-016Fh,0190h-01EFh -ASFR0=00h-01Fh \
  -ASFR1=080h-09Fh -ASFR2=0100h-010Fh -ASFR3=0180h-018Fh \
  -preset_vec=00h,intentry,init,end_init -ppowerup=CODE -pcinit=CODE \
  -pfunctab=ENTRY -ACONFIG=02007h-02007h -pconfig=CONFIG -DCONFIG=2 \
  -AIDLOC=02000h-02003h -pidloc=IDLOC -DIDLOC=2 -AEEDATA=00h-0FFh/02100h \
  -peeprom_data=EEDATA -DEEDATA=2 -DCODE=2 -DSTRCODE=2 -DSTRING=2 -DCONST=2 \
  -DENTRY=2 -k C:\Users\Amirz\AppData\Local\Temp\s4j4.obj \
  dist/XC8_PIC16F877A/production\PIC16F877A_MCP23017.X.production.obj 

Object code version is 3.11

Machine type is 16F877A



                Name                               Link     Load   Length Selector   Space Scale
C:\Users\Amirz\AppData\Local\Temp\s4j4.obj
                end_init                              0        0        3        0       0
                config                             2007     2007        1     400E       0
dist/XC8_PIC16F877A/production\PIC16F877A_MCP23017.X.production.obj
                cinit                               7F0      7F0       10      FE0       0
                text22                              5BD      5BD       5E      B7A       0
                text21                              515      515       36      A2A       0
                text20                              3D5      3D5        1      7AA       0
                text19                              3F9      3F9        9      7F2       0
                text18                              3DC      3DC        7      7B8       0
                text17                              3E3      3E3        7      7C6       0
                text16                              3F1      3F1        8      7E2       0
                text15                              459      459       24      8B2       0
                text14                              436      436       23      86C       0
                text13                              581      581       3C      B02       0
                text12                              4AE      4AE       32      95C       0
                text11                              3D6      3D6        6      7AC       0
                text10                              415      415        B      82A       0
                text9                               420      420        B      840       0
                text8                               4E0      4E0       35      9C0       0
                text7                               40B      40B        A      816       0
                text6                               61B      61B       CE      C36       0
                text5                               42B      42B        B      856       0
                text4                               3EA      3EA        7      7D4       0
                text3                               47D      47D       31      8FA       0
                text2                               402      402        9      804       0
                text1                               54B      54B       36      A96       0
                maintext                            6E9      6E9      107      DD2       0
                cstackBANK0                          20       20       23       20       1
                cstackCOMMON                         70       70        E       70       1
                bssBANK0                             43       43        A       20       1
                strings                               3        3        B        6       0

TOTAL           Name                               Link     Load   Length     Space
        CLASS   STACK          

        CLASS   CODE           
                end_init                              0        0        3         0
                cinit                               7F0      7F0       10         0
                text22                              5BD      5BD       5E         0
                text21                              515      515       36         0
                text20                              3D5      3D5        1         0
                text19                              3F9      3F9        9         0
                text18                              3DC      3DC        7         0
                text17                              3E3      3E3        7         0
                text16                              3F1      3F1        8         0
                text15                              459      459       24         0
                text14                              436      436       23         0
                text13                              581      581       3C         0
                text12                              4AE      4AE       32         0
                text11                              3D6      3D6        6         0
                text10                              415      415        B         0
                text9                               420      420        B         0
                text8                               4E0      4E0       35         0
                text7                               40B      40B        A         0
                text6                               61B      61B       CE         0
                text5                               42B      42B        B         0
                text4                               3EA      3EA        7         0
                text3                               47D      47D       31         0
                text2                               402      402        9         0
                text1                               54B      54B       36         0
                maintext                            6E9      6E9      107         0

        CLASS   STRCODE        

        CLASS   STRING         
                strings                               3        3        B         0

        CLASS   CONST          

        CLASS   ENTRY          

        CLASS   COMMON         
                cstackCOMMON                         70       70        E         1

        CLASS   BANK0          
                cstackBANK0                          20       20       23         1
                bssBANK0                             43       43        A         1

        CLASS   BANK1          

        CLASS   BANK2          

        CLASS   BANK3          

        CLASS   RAM            

        CLASS   ABS1           
                abs_s1                               7E       7E        2         1

        CLASS   SFR0           

        CLASS   SFR1           

        CLASS   SFR2           

        CLASS   SFR3           

        CLASS   CONFIG         
                config                             2007     2007        1         0

        CLASS   IDLOC          

        CLASS   EEDATA         



SEGMENTS        Name                           Load    Length   Top    Selector   Space  Class     Delta

                reset_vec                      000000  000003  000003         0       0  CODE        2
                strings                        000003  00000B  00000E         6       0  STRING      2
                cstackBANK0                    000020  00002D  00004D        20       1  BANK0       1
                cstackCOMMON                   000070  00000E  00007E        70       1  COMMON      1
                text20                         0003D5  000001  0003D6       7AA       0  CODE        2
                text11                         0003D6  000006  0003DC       7AC       0  CODE        2
                text18                         0003DC  000007  0003E3       7B8       0  CODE        2
                text17                         0003E3  000007  0003EA       7C6       0  CODE        2
                text4                          0003EA  000007  0003F1       7D4       0  CODE        2
                text16                         0003F1  000008  0003F9       7E2       0  CODE        2
                text19                         0003F9  000009  000402       7F2       0  CODE        2
                text2                          000402  000009  00040B       804       0  CODE        2
                text7                          00040B  00000A  000415       816       0  CODE        2
                text10                         000415  00000B  000420       82A       0  CODE        2
                text9                          000420  00000B  00042B       840       0  CODE        2
                text5                          00042B  00000B  000436       856       0  CODE        2
                text14                         000436  000023  000459       86C       0  CODE        2
                text15                         000459  000024  00047D       8B2       0  CODE        2
                text3                          00047D  000031  0004AE       8FA       0  CODE        2
                text12                         0004AE  000032  0004E0       95C       0  CODE        2
                text8                          0004E0  000035  000515       9C0       0  CODE        2
                text21                         000515  000036  00054B       A2A       0  CODE        2
                text1                          00054B  000036  000581       A96       0  CODE        2
                text13                         000581  00003C  0005BD       B02       0  CODE        2
                text22                         0005BD  00005E  00061B       B7A       0  CODE        2
                text6                          00061B  0000CE  0006E9       C36       0  CODE        2
                maintext                       0006E9  000107  0007F0       DD2       0  CODE        2
                cinit                          0007F0  000010  000800       FE0       0  CODE        2
                config                         002007  000001  002008      400E       0  CONFIG      2


UNUSED ADDRESS RANGES

        Name                Unused          Largest block    Delta
        BANK0            004D-006F             23           1
        BANK1            00A0-00EF             50           1
        BANK2            0110-016F             60           1
        BANK3            0190-01EF             60           1
        CODE             000E-03D4            3C7           2
                         0800-1FFF            800
        CONST            000E-03D4            100           2
                         0800-1FFF            100
        EEDATA           2100-21FF            100           2
        ENTRY            000E-03D4            100           2
                         0800-1FFF            100
        IDLOC            2000-2003              4           2
        RAM              004D-006F             23           1
                         00A0-00EF             50
                         0110-016F             60
                         0190-01EF             60
        SFR0             0000-001F             20           1
        SFR1             0080-009F             20           1
        SFR2             0100-010F             10           1
        SFR3             0180-018F             10           1
        STACK            0110-016F             60           1
        STRCODE          000E-03D4            3C7           2
                         0800-1FFF           1800
        STRING           000E-03D4            100           2
                         0800-1FFF            100

                                  Symbol Table

?___lldiv                  cstackCOMMON 0070
?___lwdiv                  cstackCOMMON 0070
?___lwmod                  cstackCOMMON 0070
I2C_Master_Init@c          cstackBANK0  0020
I2C_Master_Write@d         cstackCOMMON 0070
_ACKDT                     (abs)        048D
_ACKEN                     (abs)        048C
_ADCS0                     (abs)        00FE
_ADCS1                     (abs)        00FF
_ADFM                      (abs)        04FF
_ADON                      (abs)        00F8
_ADRESH                    (abs)        001E
_ADRESL                    (abs)        009E
_CHS0                      (abs)        00FB
_CHS1                      (abs)        00FC
_CHS2                      (abs)        00FD
_GO_nDONE                  (abs)        00FA
_I2C_Master_Init           text21       0515
_I2C_Master_Start          text18       03DC
_I2C_Master_Stop           text17       03E3
_I2C_Master_Wait           text19       03F9
_I2C_Master_Write          text16       03F1
_InitApp                   text20       03D5
_PCFG0                     (abs)        04F8
_PCFG1                     (abs)        04F9
_PCFG2                     (abs)        04FA
_PCFG3                     (abs)        04FB
_PEN                       (abs)        048A
_PORTA                     (abs)        0005
_PORTB                     (abs)        0006
_PORTD                     (abs)        0008
_RB4                       (abs)        0034
_RB5                       (abs)        0035
_RCEN                      (abs)        048B
_RSEN                      (abs)        0489
_SEN                       (abs)        0488
_SSPADD                    (abs)        0093
_SSPBUF                    (abs)        0013
_SSPCON                    (abs)        0014
_SSPCON2                   (abs)        0091
_SSPSTAT                   (abs)        0094
_TRISA                     (abs)        0085
_TRISB                     (abs)        0086
_TRISC3                    (abs)        043B
_TRISC4                    (abs)        043C
_TRISD                     (abs)        0088
__CFG_BOREN$ON             (abs)        0000
__CFG_CP$OFF               (abs)        0000
__CFG_CPD$OFF              (abs)        0000
__CFG_FOSC$HS              (abs)        0000
__CFG_LVP$OFF              (abs)        0000
__CFG_PWRTE$ON             (abs)        0000
__CFG_WDTE$OFF             (abs)        0000
__CFG_WRT$OFF              (abs)        0000
__Habs1                    abs1         0000
__Hbank0                   bank0        0000
__Hbank1                   bank1        0000
__Hbank2                   bank2        0000
__Hbank3                   bank3        0000
__HbssBANK0                bssBANK0     0000
__Hcinit                   cinit        0800
__Hclrtext                 clrtext      0000
__Hcode                    code         0000
__Hcommon                  common       0000
__Hconfig                  config       2008
__HcstackBANK0             cstackBANK0  0000
__HcstackCOMMON            cstackCOMMON 0000
__Heeprom_data             eeprom_data  0000
__Hend_init                end_init     0003
__Hfunctab                 functab      0000
__Hidloc                   idloc        0000
__Hinit                    init         0000
__Hintentry                intentry     0000
__Hmaintext                maintext     0000
__Hpowerup                 powerup      0000
__Hram                     ram          0000
__Hreset_vec               reset_vec    0000
__Hsfr0                    sfr0         0000
__Hsfr1                    sfr1         0000
__Hsfr2                    sfr2         0000
__Hsfr3                    sfr3         0000
__Hspace_0                 (abs)        2008
__Hspace_1                 (abs)        007E
__Hspace_2                 (abs)        0000
__Hspace_3                 (abs)        0000
__Hstack                   stack        0000
__Hstrings                 strings      0000
__Htext                    text         0000
__Labs1                    abs1         0000
__Lbank0                   bank0        0000
__Lbank1                   bank1        0000
__Lbank2                   bank2        0000
__Lbank3                   bank3        0000
__LbssBANK0                bssBANK0     0000
__Lcinit                   cinit        07F0
__Lclrtext                 clrtext      0000
__Lcode                    code         0000
__Lcommon                  common       0000
__Lconfig                  config       2007
__LcstackBANK0             cstackBANK0  0000
__LcstackCOMMON            cstackCOMMON 0000
__Leeprom_data             eeprom_data  0000
__Lend_init                end_init     0000
__Lfunctab                 functab      0000
__Lidloc                   idloc        0000
__Linit                    init         0000
__Lintentry                intentry     0000
__Lmaintext                maintext     0000
__Lpowerup                 powerup      0000
__Lram                     ram          0000
__Lreset_vec               reset_vec    0000
__Lsfr0                    sfr0         0000
__Lsfr1                    sfr1         0000
__Lsfr2                    sfr2         0000
__Lsfr3                    sfr3         0000
__Lspace_0                 (abs)        0000
__Lspace_1                 (abs)        0000
__Lspace_2                 (abs)        0000
__Lspace_3                 (abs)        0000
__Lstack                   stack        0000
__Lstrings                 strings      0000
__Ltext                    text         0000
__S0                       (abs)        2008
__S1                       (abs)        007E
__S2                       (abs)        0000
__S3                       (abs)        0000
___int_sp                  stack        0000
___latbits                 (abs)        0002
___lldiv                   text22       05BD
___lldiv@counter           cstackCOMMON 007D
___lldiv@dividend          cstackCOMMON 0074
___lldiv@divisor           cstackCOMMON 0070
___lldiv@quotient          cstackCOMMON 0079
___lwdiv                   text13       0581
___lwdiv@counter           cstackCOMMON 0077
___lwdiv@dividend          cstackCOMMON 0072
___lwdiv@divisor           cstackCOMMON 0070
___lwdiv@quotient          cstackCOMMON 0075
___lwmod                   text12       04AE
___lwmod@counter           cstackCOMMON 0075
___lwmod@dividend          cstackCOMMON 0072
___lwmod@divisor           cstackCOMMON 0070
___sp                      stack        0000
__end_of_I2C_Master_Init   text21       054B
__end_of_I2C_Master_Start  text18       03E3
__end_of_I2C_Master_Stop   text17       03EA
__end_of_I2C_Master_Wait   text19       0402
__end_of_I2C_Master_Write  text16       03F9
__end_of_InitApp           text20       03D6
__end_of___lldiv           text22       061B
__end_of___lwdiv           text13       05BD
__end_of___lwmod           text12       04E0
__end_of__initialization   cinit        07FC
__end_of__stringtab        strings      0009
__end_of_extGPIOA          text15       047D
__end_of_extGPIOAdir       text14       0459
__end_of_lcd_2ndline       text2        040B
__end_of_lcd_bcd           text6        06E9
__end_of_lcd_clear         text4        03F1
__end_of_lcd_goto          text5        0436
__end_of_lcd_initialize    text3        04AE
__end_of_lcd_putchar       text7        0415
__end_of_lcd_putstr        text1        0581
__end_of_main              maintext     07F0
__end_of_send_lcd_data     text8        0515
__end_of_set_lcd_data      text11       03DC
__end_of_set_lcd_e         text10       0420
__end_of_set_lcd_rs        text9        042B
__initialization           cinit        07F0
__pbssBANK0                bssBANK0     0043
__pcstackBANK0             cstackBANK0  0020
__pcstackCOMMON            cstackCOMMON 0070
__pmaintext                maintext     06E9
__pstrings                 strings      0003
__ptext1                   text1        054B
__ptext10                  text10       0415
__ptext11                  text11       03D6
__ptext12                  text12       04AE
__ptext13                  text13       0581
__ptext14                  text14       0436
__ptext15                  text15       0459
__ptext16                  text16       03F1
__ptext17                  text17       03E3
__ptext18                  text18       03DC
__ptext19                  text19       03F9
__ptext2                   text2        0402
__ptext20                  text20       03D5
__ptext21                  text21       0515
__ptext22                  text22       05BD
__ptext3                   text3        047D
__ptext4                   text4        03EA
__ptext5                   text5        042B
__ptext6                   text6        061B
__ptext7                   text7        040B
__ptext8                   text8        04E0
__ptext9                   text9        0420
__size_of_I2C_Master_Init  (abs)        0000
__size_of_I2C_Master_Start (abs)        0000
__size_of_I2C_Master_Stop  (abs)        0000
__size_of_I2C_Master_Wait  (abs)        0000
__size_of_I2C_Master_Write (abs)        0000
__size_of_InitApp          (abs)        0000
__size_of___lldiv          (abs)        0000
__size_of___lwdiv          (abs)        0000
__size_of___lwmod          (abs)        0000
__size_of_extGPIOA         (abs)        0000
__size_of_extGPIOAdir      (abs)        0000
__size_of_lcd_2ndline      (abs)        0000
__size_of_lcd_bcd          (abs)        0000
__size_of_lcd_clear        (abs)        0000
__size_of_lcd_goto         (abs)        0000
__size_of_lcd_initialize   (abs)        0000
__size_of_lcd_putchar      (abs)        0000
__size_of_lcd_putstr       (abs)        0000
__size_of_main             (abs)        0000
__size_of_send_lcd_data    (abs)        0000
__size_of_set_lcd_data     (abs)        0000
__size_of_set_lcd_e        (abs)        0000
__size_of_set_lcd_rs       (abs)        0000
__stringbase               strings      0008
__stringtab                strings      0003
_extGPIOA                  text15       0459
_extGPIOAdir               text14       0436
_lcd_2ndline               text2        0402
_lcd_bcd                   text6        061B
_lcd_clear                 text4        03EA
_lcd_goto                  text5        042B
_lcd_initialize            text3        047D
_lcd_putchar               text7        040B
_lcd_putstr                text1        054B
_main                      maintext     06E9
_send_lcd_data             text8        04E0
_set_lcd_data              text11       03D6
_set_lcd_e                 text10       0415
_set_lcd_rs                text9        0420
btemp                      (abs)        007E
end_of_initialization      cinit        07FC
extGPIOA@a                 cstackCOMMON 0072
extGPIOAdir@a              cstackCOMMON 0072
intlevel0                  functab      0000
intlevel1                  functab      0000
intlevel2                  functab      0000
intlevel3                  functab      0000
intlevel4                  functab      0000
intlevel5                  functab      0000
lcd_bcd@F1134              bssBANK0     0043
lcd_bcd@uc_digit           cstackBANK0  002A
lcd_bcd@ui_decimal         cstackBANK0  0020
lcd_bcd@ui_number          cstackCOMMON 0078
lcd_goto@uc_position       cstackCOMMON 0076
lcd_putchar@c_data         cstackCOMMON 0076
lcd_putstr@csz_string      cstackCOMMON 0078
main@Array                 cstackBANK0  002D
main@add                   cstackBANK0  003D
main@i                     cstackBANK0  003F
main@i_87                  cstackBANK0  0041
reset_vec                  reset_vec    0000
send_lcd_data@b_rs         cstackCOMMON 0074
send_lcd_data@uc_data      cstackCOMMON 0071
set_lcd_data@uc_data       cstackCOMMON 0070
set_lcd_e@b_output         cstackCOMMON 0070
set_lcd_rs@b_output        cstackCOMMON 0070
stackhi                    (abs)        0000
stacklo                    (abs)        0000
start                      init         0000
start_initialization       cinit        07F0
wtemp0                     (abs)        007E


FUNCTION INFORMATION:

 *************** function _main *****************
 Defined at:
		line 39 in file "main.c"
 Parameters:    Size  Location     Type
		None
 Auto vars:     Size  Location     Type
  i               2   33[BANK0 ] int 
  i               2   31[BANK0 ] int 
  Array          16   13[BANK0 ] short [8]
  add             2   29[BANK0 ] int 
 Return value:  Size  Location     Type
                  1    wreg      void 
 Registers used:
		wreg, fsr0l, fsr0h, status,2, status,0, btemp+1, pclath, cstack
 Tracked objects:
		On entry : 
		On exit  : 
		Unchanged: 
 Data sizes:     COMMON   BANK0   BANK1   BANK3   BANK2
      Params:         0       0       0       0       0
      Locals:         0      22       0       0       0
      Temps:          0       2       0       0       0
      Totals:         0      24       0       0       0
Total ram usage:       24 bytes
 Hardware stack levels required when called:    4
 This function calls:
		_I2C_Master_Init
		_I2C_Master_Start
		_I2C_Master_Stop
		_I2C_Master_Write
		_InitApp
		_extGPIOA
		_extGPIOAdir
		_lcd_bcd
		_lcd_goto
		_lcd_initialize
		_lcd_putstr
 This function is called by:
		Startup code after reset
 This function uses a non-reentrant model


 *************** function _lcd_putstr *****************
 Defined at:
		line 241 in file "lcd.c"
 Parameters:    Size  Location     Type
  csz_string      1    wreg     PTR const unsigned char 
		 -> STR_1(5), 
 Auto vars:     Size  Location     Type
  csz_string      1    8[COMMON] PTR const unsigned char 
		 -> STR_1(5), 
 Return value:  Size  Location     Type
                  1    wreg      void 
 Registers used:
		wreg, fsr0l, fsr0h, status,2, status,0, pclath, cstack
 Tracked objects:
		On entry : 
		On exit  : 
		Unchanged: 
 Data sizes:     COMMON   BANK0   BANK1   BANK3   BANK2
      Params:         0       0       0       0       0
      Locals:         1       0       0       0       0
      Temps:          1       0       0       0       0
      Totals:         2       0       0       0       0
Total ram usage:        2 bytes
 Hardware stack levels used:    1
 Hardware stack levels required when called:    3
 This function calls:
		_lcd_2ndline
		_lcd_putchar
 This function is called by:
		_main
 This function uses a non-reentrant model


 *************** function _lcd_2ndline *****************
 Defined at:
		line 178 in file "lcd.c"
 Parameters:    Size  Location     Type
		None
 Auto vars:     Size  Location     Type
		None
 Return value:  Size  Location     Type
                  1    wreg      void 
 Registers used:
		wreg, status,2, status,0, pclath, cstack
 Tracked objects:
		On entry : 
		On exit  : 
		Unchanged: 
 Data sizes:     COMMON   BANK0   BANK1   BANK3   BANK2
      Params:         0       0       0       0       0
      Locals:         0       0       0       0       0
      Temps:          1       0       0       0       0
      Totals:         1       0       0       0       0
Total ram usage:        1 bytes
 Hardware stack levels used:    1
 Hardware stack levels required when called:    2
 This function calls:
		_send_lcd_data
 This function is called by:
		_lcd_putstr
 This function uses a non-reentrant model


 *************** function _lcd_initialize *****************
 Defined at:
		line 100 in file "lcd.c"
 Parameters:    Size  Location     Type
		None
 Auto vars:     Size  Location     Type
		None
 Return value:  Size  Location     Type
                  1    wreg      void 
 Registers used:
		wreg, status,2, status,0, pclath, cstack
 Tracked objects:
		On entry : 
		On exit  : 
		Unchanged: 
 Data sizes:     COMMON   BANK0   BANK1   BANK3   BANK2
      Params:         0       0       0       0       0
      Locals:         0       0       0       0       0
      Temps:          2       0       0       0       0
      Totals:         2       0       0       0       0
Total ram usage:        2 bytes
 Hardware stack levels used:    1
 Hardware stack levels required when called:    3
 This function calls:
		_lcd_clear
		_send_lcd_data
		_set_lcd_e
 This function is called by:
		_main
 This function uses a non-reentrant model


 *************** function _lcd_clear *****************
 Defined at:
		line 136 in file "lcd.c"
 Parameters:    Size  Location     Type
		None
 Auto vars:     Size  Location     Type
		None
 Return value:  Size  Location     Type
                  1    wreg      void 
 Registers used:
		wreg, status,2, status,0, pclath, cstack
 Tracked objects:
		On entry : 
		On exit  : 
		Unchanged: 
 Data sizes:     COMMON   BANK0   BANK1   BANK3   BANK2
      Params:         0       0       0       0       0
      Locals:         0       0       0       0       0
      Temps:          0       0       0       0       0
      Totals:         0       0       0       0       0
Total ram usage:        0 bytes
 Hardware stack levels used:    1
 Hardware stack levels required when called:    2
 This function calls:
		_send_lcd_data
 This function is called by:
		_lcd_initialize
 This function uses a non-reentrant model


 *************** function _lcd_goto *****************
 Defined at:
		line 199 in file "lcd.c"
 Parameters:    Size  Location     Type
  uc_position     1    wreg     unsigned char 
 Auto vars:     Size  Location     Type
  uc_position     1    6[COMMON] unsigned char 
 Return value:  Size  Location     Type
                  1    wreg      void 
 Registers used:
		wreg, status,2, status,0, pclath, cstack
 Tracked objects:
		On entry : 
		On exit  : 
		Unchanged: 
 Data sizes:     COMMON   BANK0   BANK1   BANK3   BANK2
      Params:         0       0       0       0       0
      Locals:         1       0       0       0       0
      Temps:          1       0       0       0       0
      Totals:         2       0       0       0       0
Total ram usage:        2 bytes
 Hardware stack levels used:    1
 Hardware stack levels required when called:    2
 This function calls:
		_send_lcd_data
 This function is called by:
		_main
 This function uses a non-reentrant model


 *************** function _lcd_bcd *****************
 Defined at:
		line 274 in file "lcd.c"
 Parameters:    Size  Location     Type
  uc_digit        1    wreg     unsigned char 
  ui_number       2    8[COMMON] unsigned int 
 Auto vars:     Size  Location     Type
  uc_digit        1   10[BANK0 ] unsigned char 
  ui_decimal     10    0[BANK0 ] unsigned int [5]
 Return value:  Size  Location     Type
                  1    wreg      void 
 Registers used:
		wreg, fsr0l, fsr0h, status,2, status,0, pclath, cstack
 Tracked objects:
		On entry : 
		On exit  : 
		Unchanged: 
 Data sizes:     COMMON   BANK0   BANK1   BANK3   BANK2
      Params:         2       0       0       0       0
      Locals:         0      11       0       0       0
      Temps:          4       0       0       0       0
      Totals:         6      11       0       0       0
Total ram usage:       17 bytes
 Hardware stack levels used:    1
 Hardware stack levels required when called:    3
 This function calls:
		___lwdiv
		___lwmod
		_lcd_putchar
 This function is called by:
		_main
 This function uses a non-reentrant model


 *************** function _lcd_putchar *****************
 Defined at:
		line 220 in file "lcd.c"
 Parameters:    Size  Location     Type
  c_data          1    wreg     unsigned char 
 Auto vars:     Size  Location     Type
  c_data          1    6[COMMON] unsigned char 
 Return value:  Size  Location     Type
                  1    wreg      void 
 Registers used:
		wreg, status,2, status,0, pclath, cstack
 Tracked objects:
		On entry : 
		On exit  : 
		Unchanged: 
 Data sizes:     COMMON   BANK0   BANK1   BANK3   BANK2
      Params:         0       0       0       0       0
      Locals:         1       0       0       0       0
      Temps:          1       0       0       0       0
      Totals:         2       0       0       0       0
Total ram usage:        2 bytes
 Hardware stack levels used:    1
 Hardware stack levels required when called:    2
 This function calls:
		_send_lcd_data
 This function is called by:
		_lcd_putstr
		_lcd_bcd
 This function uses a non-reentrant model


 *************** function _send_lcd_data *****************
 Defined at:
		line 308 in file "lcd.c"
 Parameters:    Size  Location     Type
  b_rs            1    wreg     unsigned char 
  uc_data         1    1[COMMON] unsigned char 
 Auto vars:     Size  Location     Type
  b_rs            1    4[COMMON] unsigned char 
 Return value:  Size  Location     Type
                  1    wreg      void 
 Registers used:
		wreg, status,2, status,0, pclath, cstack
 Tracked objects:
		On entry : 
		On exit  : 
		Unchanged: 
 Data sizes:     COMMON   BANK0   BANK1   BANK3   BANK2
      Params:         1       0       0       0       0
      Locals:         1       0       0       0       0
      Temps:          2       0       0       0       0
      Totals:         4       0       0       0       0
Total ram usage:        4 bytes
 Hardware stack levels used:    1
 Hardware stack levels required when called:    1
 This function calls:
		_set_lcd_data
		_set_lcd_e
		_set_lcd_rs
 This function is called by:
		_lcd_initialize
		_lcd_clear
		_lcd_2ndline
		_lcd_goto
		_lcd_putchar
		_lcd_home
 This function uses a non-reentrant model


 *************** function _set_lcd_rs *****************
 Defined at:
		line 360 in file "lcd.c"
 Parameters:    Size  Location     Type
  b_output        1    wreg     unsigned char 
 Auto vars:     Size  Location     Type
  b_output        1    0[COMMON] unsigned char 
 Return value:  Size  Location     Type
                  1    wreg      void 
 Registers used:
		wreg
 Tracked objects:
		On entry : 
		On exit  : 
		Unchanged: 
 Data sizes:     COMMON   BANK0   BANK1   BANK3   BANK2
      Params:         0       0       0       0       0
      Locals:         1       0       0       0       0
      Temps:          0       0       0       0       0
      Totals:         1       0       0       0       0
Total ram usage:        1 bytes
 Hardware stack levels used:    1
 This function calls:
		Nothing
 This function is called by:
		_send_lcd_data
 This function uses a non-reentrant model


 *************** function _set_lcd_e *****************
 Defined at:
		line 340 in file "lcd.c"
 Parameters:    Size  Location     Type
  b_output        1    wreg     unsigned char 
 Auto vars:     Size  Location     Type
  b_output        1    0[COMMON] unsigned char 
 Return value:  Size  Location     Type
                  1    wreg      void 
 Registers used:
		wreg
 Tracked objects:
		On entry : 
		On exit  : 
		Unchanged: 
 Data sizes:     COMMON   BANK0   BANK1   BANK3   BANK2
      Params:         0       0       0       0       0
      Locals:         1       0       0       0       0
      Temps:          0       0       0       0       0
      Totals:         1       0       0       0       0
Total ram usage:        1 bytes
 Hardware stack levels used:    1
 This function calls:
		Nothing
 This function is called by:
		_lcd_initialize
		_send_lcd_data
 This function uses a non-reentrant model


 *************** function _set_lcd_data *****************
 Defined at:
		line 380 in file "lcd.c"
 Parameters:    Size  Location     Type
  uc_data         1    wreg     unsigned char 
 Auto vars:     Size  Location     Type
  uc_data         1    0[COMMON] unsigned char 
 Return value:  Size  Location     Type
                  1    wreg      void 
 Registers used:
		wreg
 Tracked objects:
		On entry : 
		On exit  : 
		Unchanged: 
 Data sizes:     COMMON   BANK0   BANK1   BANK3   BANK2
      Params:         0       0       0       0       0
      Locals:         1       0       0       0       0
      Temps:          0       0       0       0       0
      Totals:         1       0       0       0       0
Total ram usage:        1 bytes
 Hardware stack levels used:    1
 This function calls:
		Nothing
 This function is called by:
		_send_lcd_data
 This function uses a non-reentrant model


 *************** function ___lwmod *****************
 Defined at:
		line 6 in file "C:\Program Files (x86)\Microchip\xc8\v1.45\sources\common\lwmod.c"
 Parameters:    Size  Location     Type
  divisor         2    0[COMMON] unsigned int 
  dividend        2    2[COMMON] unsigned int 
 Auto vars:     Size  Location     Type
  counter         1    5[COMMON] unsigned char 
 Return value:  Size  Location     Type
                  2    0[COMMON] unsigned int 
 Registers used:
		wreg, status,2, status,0
 Tracked objects:
		On entry : 
		On exit  : 
		Unchanged: 
 Data sizes:     COMMON   BANK0   BANK1   BANK3   BANK2
      Params:         4       0       0       0       0
      Locals:         1       0       0       0       0
      Temps:          1       0       0       0       0
      Totals:         6       0       0       0       0
Total ram usage:        6 bytes
 Hardware stack levels used:    1
 This function calls:
		Nothing
 This function is called by:
		_lcd_bcd
 This function uses a non-reentrant model


 *************** function ___lwdiv *****************
 Defined at:
		line 6 in file "C:\Program Files (x86)\Microchip\xc8\v1.45\sources\common\lwdiv.c"
 Parameters:    Size  Location     Type
  divisor         2    0[COMMON] unsigned int 
  dividend        2    2[COMMON] unsigned int 
 Auto vars:     Size  Location     Type
  quotient        2    5[COMMON] unsigned int 
  counter         1    7[COMMON] unsigned char 
 Return value:  Size  Location     Type
                  2    0[COMMON] unsigned int 
 Registers used:
		wreg, status,2, status,0
 Tracked objects:
		On entry : 
		On exit  : 
		Unchanged: 
 Data sizes:     COMMON   BANK0   BANK1   BANK3   BANK2
      Params:         4       0       0       0       0
      Locals:         3       0       0       0       0
      Temps:          1       0       0       0       0
      Totals:         8       0       0       0       0
Total ram usage:        8 bytes
 Hardware stack levels used:    1
 This function calls:
		Nothing
 This function is called by:
		_lcd_bcd
 This function uses a non-reentrant model


 *************** function _extGPIOAdir *****************
 Defined at:
		line 21 in file "main.c"
 Parameters:    Size  Location     Type
  a               2    2[COMMON] unsigned short 
 Auto vars:     Size  Location     Type
		None
 Return value:  Size  Location     Type
                  1    wreg      void 
 Registers used:
		wreg, status,2, status,0, pclath, cstack
 Tracked objects:
		On entry : 
		On exit  : 
		Unchanged: 
 Data sizes:     COMMON   BANK0   BANK1   BANK3   BANK2
      Params:         2       0       0       0       0
      Locals:         0       0       0       0       0
      Temps:          0       0       0       0       0
      Totals:         2       0       0       0       0
Total ram usage:        2 bytes
 Hardware stack levels used:    1
 Hardware stack levels required when called:    2
 This function calls:
		_I2C_Master_Start
		_I2C_Master_Stop
		_I2C_Master_Write
 This function is called by:
		_main
 This function uses a non-reentrant model


 *************** function _extGPIOA *****************
 Defined at:
		line 30 in file "main.c"
 Parameters:    Size  Location     Type
  a               2    2[COMMON] unsigned short 
 Auto vars:     Size  Location     Type
		None
 Return value:  Size  Location     Type
                  1    wreg      void 
 Registers used:
		wreg, status,2, status,0, pclath, cstack
 Tracked objects:
		On entry : 
		On exit  : 
		Unchanged: 
 Data sizes:     COMMON   BANK0   BANK1   BANK3   BANK2
      Params:         2       0       0       0       0
      Locals:         0       0       0       0       0
      Temps:          0       0       0       0       0
      Totals:         2       0       0       0       0
Total ram usage:        2 bytes
 Hardware stack levels used:    1
 Hardware stack levels required when called:    2
 This function calls:
		_I2C_Master_Start
		_I2C_Master_Stop
		_I2C_Master_Write
 This function is called by:
		_main
 This function uses a non-reentrant model


 *************** function _I2C_Master_Write *****************
 Defined at:
		line 38 in file "i2c.c"
 Parameters:    Size  Location     Type
  d               2    0[COMMON] unsigned int 
 Auto vars:     Size  Location     Type
		None
 Return value:  Size  Location     Type
                  1    wreg      void 
 Registers used:
		wreg, status,2, status,0, pclath, cstack
 Tracked objects:
		On entry : 
		On exit  : 
		Unchanged: 
 Data sizes:     COMMON   BANK0   BANK1   BANK3   BANK2
      Params:         2       0       0       0       0
      Locals:         0       0       0       0       0
      Temps:          0       0       0       0       0
      Totals:         2       0       0       0       0
Total ram usage:        2 bytes
 Hardware stack levels used:    1
 Hardware stack levels required when called:    1
 This function calls:
		_I2C_Master_Wait
 This function is called by:
		_extGPIOAdir
		_extGPIOA
		_main
 This function uses a non-reentrant model


 *************** function _I2C_Master_Stop *****************
 Defined at:
		line 32 in file "i2c.c"
 Parameters:    Size  Location     Type
		None
 Auto vars:     Size  Location     Type
		None
 Return value:  Size  Location     Type
                  1    wreg      void 
 Registers used:
		wreg, status,2, status,0, pclath, cstack
 Tracked objects:
		On entry : 
		On exit  : 
		Unchanged: 
 Data sizes:     COMMON   BANK0   BANK1   BANK3   BANK2
      Params:         0       0       0       0       0
      Locals:         0       0       0       0       0
      Temps:          0       0       0       0       0
      Totals:         0       0       0       0       0
Total ram usage:        0 bytes
 Hardware stack levels used:    1
 Hardware stack levels required when called:    1
 This function calls:
		_I2C_Master_Wait
 This function is called by:
		_extGPIOAdir
		_extGPIOA
		_main
 This function uses a non-reentrant model


 *************** function _I2C_Master_Start *****************
 Defined at:
		line 20 in file "i2c.c"
 Parameters:    Size  Location     Type
		None
 Auto vars:     Size  Location     Type
		None
 Return value:  Size  Location     Type
                  1    wreg      void 
 Registers used:
		wreg, status,2, status,0, pclath, cstack
 Tracked objects:
		On entry : 
		On exit  : 
		Unchanged: 
 Data sizes:     COMMON   BANK0   BANK1   BANK3   BANK2
      Params:         0       0       0       0       0
      Locals:         0       0       0       0       0
      Temps:          0       0       0       0       0
      Totals:         0       0       0       0       0
Total ram usage:        0 bytes
 Hardware stack levels used:    1
 Hardware stack levels required when called:    1
 This function calls:
		_I2C_Master_Wait
 This function is called by:
		_extGPIOAdir
		_extGPIOA
		_main
 This function uses a non-reentrant model


 *************** function _I2C_Master_Wait *****************
 Defined at:
		line 15 in file "i2c.c"
 Parameters:    Size  Location     Type
		None
 Auto vars:     Size  Location     Type
		None
 Return value:  Size  Location     Type
                  1    wreg      void 
 Registers used:
		wreg, status,2
 Tracked objects:
		On entry : 
		On exit  : 
		Unchanged: 
 Data sizes:     COMMON   BANK0   BANK1   BANK3   BANK2
      Params:         0       0       0       0       0
      Locals:         0       0       0       0       0
      Temps:          0       0       0       0       0
      Totals:         0       0       0       0       0
Total ram usage:        0 bytes
 Hardware stack levels used:    1
 This function calls:
		Nothing
 This function is called by:
		_I2C_Master_Start
		_I2C_Master_Stop
		_I2C_Master_Write
		_I2C_Master_RepeatedStart
		_I2C_Master_Read
 This function uses a non-reentrant model


 *************** function _InitApp *****************
 Defined at:
		line 22 in file "user.c"
 Parameters:    Size  Location     Type
		None
 Auto vars:     Size  Location     Type
		None
 Return value:  Size  Location     Type
                  1    wreg      void 
 Registers used:
		None
 Tracked objects:
		On entry : 
		On exit  : 
		Unchanged: 
 Data sizes:     COMMON   BANK0   BANK1   BANK3   BANK2
      Params:         0       0       0       0       0
      Locals:         0       0       0       0       0
      Temps:          0       0       0       0       0
      Totals:         0       0       0       0       0
Total ram usage:        0 bytes
 Hardware stack levels used:    1
 This function calls:
		Nothing
 This function is called by:
		_main
 This function uses a non-reentrant model


 *************** function _I2C_Master_Init *****************
 Defined at:
		line 5 in file "i2c.c"
 Parameters:    Size  Location     Type
  c               4    0[BANK0 ] const unsigned long 
 Auto vars:     Size  Location     Type
		None
 Return value:  Size  Location     Type
                  1    wreg      void 
 Registers used:
		wreg, status,2, status,0, pclath, cstack
 Tracked objects:
		On entry : 
		On exit  : 
		Unchanged: 
 Data sizes:     COMMON   BANK0   BANK1   BANK3   BANK2
      Params:         0       4       0       0       0
      Locals:         0       0       0       0       0
      Temps:          0       4       0       0       0
      Totals:         0       8       0       0       0
Total ram usage:        8 bytes
 Hardware stack levels used:    1
 Hardware stack levels required when called:    1
 This function calls:
		___lldiv
 This function is called by:
		_main
 This function uses a non-reentrant model


 *************** function ___lldiv *****************
 Defined at:
		line 6 in file "C:\Program Files (x86)\Microchip\xc8\v1.45\sources\common\lldiv.c"
 Parameters:    Size  Location     Type
  divisor         4    0[COMMON] unsigned long 
  dividend        4    4[COMMON] unsigned long 
 Auto vars:     Size  Location     Type
  quotient        4    9[COMMON] unsigned long 
  counter         1   13[COMMON] unsigned char 
 Return value:  Size  Location     Type
                  4    0[COMMON] unsigned long 
 Registers used:
		wreg, status,2, status,0
 Tracked objects:
		On entry : 
		On exit  : 
		Unchanged: 
 Data sizes:     COMMON   BANK0   BANK1   BANK3   BANK2
      Params:         8       0       0       0       0
      Locals:         5       0       0       0       0
      Temps:          1       0       0       0       0
      Totals:        14       0       0       0       0
Total ram usage:       14 bytes
 Hardware stack levels used:    1
 This function calls:
		Nothing
 This function is called by:
		_I2C_Master_Init
 This function uses a non-reentrant model



MODULE INFORMATION

Module		Function		Class		Link	Load	Size
i2c.c
		_I2C_Master_Wait		CODE           	03F9	0000	10
		_I2C_Master_Init		CODE           	0515	0000	55
		_I2C_Master_Stop		CODE           	03E3	0000	8
		_I2C_Master_Write		CODE           	03F1	0000	9
		_I2C_Master_Start		CODE           	03DC	0000	8

i2c.c estimated size: 90

C:\Program Files (x86)\Microchip\xc8\v1.45\sources\common\lwmod.c
		___lwmod       		CODE           	04AE	0000	51

C:\Program Files (x86)\Microchip\xc8\v1.45\sources\common\lwmod.c estimated size: 51

shared
		__stringtab    		STRING         	0003	0000	7
		__initialization		CODE           	07F0	0000	13

shared estimated size: 20

C:\Program Files (x86)\Microchip\xc8\v1.45\sources\common\lwdiv.c
		___lwdiv       		CODE           	0581	0000	61

C:\Program Files (x86)\Microchip\xc8\v1.45\sources\common\lwdiv.c estimated size: 61

lcd.c
		_set_lcd_e     		CODE           	0415	0000	12
		_set_lcd_rs    		CODE           	0420	0000	12
		_lcd_2ndline   		CODE           	0402	0000	10
		_set_lcd_data  		CODE           	03D6	0000	7
		_lcd_putstr    		CODE           	054B	0000	55
		_lcd_putchar   		CODE           	040B	0000	11
		_lcd_initialize		CODE           	047D	0000	50
		_lcd_clear     		CODE           	03EA	0000	8
		_lcd_goto      		CODE           	042B	0000	12
		_lcd_bcd       		CODE           	061B	0000	207
		_send_lcd_data 		CODE           	04E0	0000	54

lcd.c estimated size: 438

user.c
		_InitApp       		CODE           	03D5	0000	2

user.c estimated size: 2

C:\Program Files (x86)\Microchip\xc8\v1.45\sources\common\lldiv.c
		___lldiv       		CODE           	05BD	0000	95

C:\Program Files (x86)\Microchip\xc8\v1.45\sources\common\lldiv.c estimated size: 95

main.c
		_extGPIOA      		CODE           	0459	0000	37
		_extGPIOAdir   		CODE           	0436	0000	36
		_main          		CODE           	06E9	0000	264

main.c estimated size: 337

