Microchip MPLAB XC8 Compiler V1.45 ()

Linker command line:

-W-3 --edf=C:\Program Files (x86)\Microchip\xc8\v1.45\dat\en_msgs.txt -cs \
  -h+dist/XC8_PIC16F877A/production\PIC16F877A_74HC595_HY6116.X.production.sym \
  --cmf=dist/XC8_PIC16F877A/production\PIC16F877A_74HC595_HY6116.X.production.cmf \
  -z -Q16F877A -oC:\Users\Amirz\AppData\Local\Temp\sjqk.2 \
  -Mdist/XC8_PIC16F877A/production/PIC16F877A_74HC595_HY6116.X.production.map \
  -E1 -ver=XC8 -ASTACK=0110h-016fh -pstack=STACK -ACODE=00h-07FFhx4 \
  -ASTRCODE=00h-01FFFh -ASTRING=00h-0FFhx32 -ACONST=00h-0FFhx32 \
  -AENTRY=00h-0FFhx32 -ACOMMON=070h-07Fh -ABANK0=020h-06Fh \
  -ABANK1=0A0h-0EFh -ABANK2=0110h-016Fh -ABANK3=0190h-01EFh \
  -ARAM=020h-06Fh,0A0h-0EFh,0110h-016Fh,0190h-01EFh \
  -AABS1=020h-07Fh,0A0h-0EFh,0110h-016Fh,0190h-01EFh -ASFR0=00h-01Fh \
  -ASFR1=080h-09Fh -ASFR2=0100h-010Fh -ASFR3=0180h-018Fh \
  -preset_vec=00h,intentry=04h,init,end_init -ppowerup=CODE -pcinit=CODE \
  -pfunctab=ENTRY -ACONFIG=02007h-02007h -pconfig=CONFIG -DCONFIG=2 \
  -AIDLOC=02000h-02003h -pidloc=IDLOC -DIDLOC=2 -AEEDATA=00h-0FFh/02100h \
  -peeprom_data=EEDATA -DEEDATA=2 -DCODE=2 -DSTRCODE=2 -DSTRING=2 -DCONST=2 \
  -DENTRY=2 -k C:\Users\Amirz\AppData\Local\Temp\sjqk.obj \
  dist/XC8_PIC16F877A/production\PIC16F877A_74HC595_HY6116.X.production.obj 

Object code version is 3.11

Machine type is 16F877A



                Name                               Link     Load   Length Selector   Space Scale
C:\Users\Amirz\AppData\Local\Temp\sjqk.obj
                end_init                             12       12        3        8       0
                reset_vec                             0        0        3        0       0
                config                             2007     2007        1     400E       0
dist/XC8_PIC16F877A/production\PIC16F877A_74HC595_HY6116.X.production.obj
                cinit                                15       15       10        8       0
                intentry                              4        4        E        8       0
                text17                              325      325        B        8       0
                text16                              34C      34C        1        8       0
                text15                              346      346        6        8       0
                text14                              153      153       5D        8       0
                text13                              22B      22B       39        8       0
                text12                              1EE      1EE       3D        8       0
                text11                              1B0      1B0       3E        8       0
                text10                              2D1      2D1       32        8       0
                text9                               340      340        6        8       0
                text8                               31A      31A        B        8       0
                text7                               30F      30F        B        8       0
                text6                               29C      29C       35        8       0
                text5                               303      303        C        8       0
                text4                                25       25       CE        8       0
                text3                               330      330        9        8       0
                text2                               339      339        7        8       0
                text1                               264      264       38        8       0
                maintext                             F3       F3       60        8       0
                cstackBANK0                          20       20       17       20       1
                cstackCOMMON                         70       70        A       70       1
                bssBANK0                             37       37        A       20       1

TOTAL           Name                               Link     Load   Length     Space
        CLASS   STACK          

        CLASS   CODE           
                end_init                             12       12        3         0
                cinit                                15       15       10         0
                intentry                              4        4        E         0
                reset_vec                             0        0        3         0
                text17                              325      325        B         0
                text16                              34C      34C        1         0
                text15                              346      346        6         0
                text14                              153      153       5D         0
                text13                              22B      22B       39         0
                text12                              1EE      1EE       3D         0
                text11                              1B0      1B0       3E         0
                text10                              2D1      2D1       32         0
                text9                               340      340        6         0
                text8                               31A      31A        B         0
                text7                               30F      30F        B         0
                text6                               29C      29C       35         0
                text5                               303      303        C         0
                text4                                25       25       CE         0
                text3                               330      330        9         0
                text2                               339      339        7         0
                text1                               264      264       38         0
                maintext                             F3       F3       60         0

        CLASS   STRCODE        

        CLASS   STRING         

        CLASS   CONST          

        CLASS   ENTRY          

        CLASS   COMMON         
                cstackCOMMON                         70       70        A         1

        CLASS   BANK0          
                cstackBANK0                          20       20       17         1
                bssBANK0                             37       37        A         1

        CLASS   BANK1          

        CLASS   BANK2          

        CLASS   BANK3          

        CLASS   RAM            

        CLASS   ABS1           
                abs_s1                               7E       7E        2         1

        CLASS   SFR0           

        CLASS   SFR1           

        CLASS   SFR2           

        CLASS   SFR3           

        CLASS   CONFIG         
                config                             2007     2007        1         0

        CLASS   IDLOC          

        CLASS   EEDATA         



SEGMENTS        Name                           Load    Length   Top    Selector   Space  Class     Delta

                reset_vec                      000000  000003  000003         0       0  CODE        2
                intentry                       000004  000349  00034D         8       0  CODE        2
                cstackBANK0                    000020  000021  000041        20       1  BANK0       1
                cstackCOMMON                   000070  00000A  00007A        70       1  COMMON      1
                config                         002007  000001  002008      400E       0  CONFIG      2


UNUSED ADDRESS RANGES

        Name                Unused          Largest block    Delta
        BANK0            0041-006F             2F           1
        BANK1            00A0-00EF             50           1
        BANK2            0110-016F             60           1
        BANK3            0190-01EF             60           1
        CODE             0003-0003              1           2
                         034D-1FFF            800
        COMMON           007A-007D              4           1
        CONST            0003-0003              1           2
                         034D-1FFF            100
        EEDATA           2100-21FF            100           2
        ENTRY            0003-0003              1           2
                         034D-1FFF            100
        IDLOC            2000-2003              4           2
        RAM              0041-006F             2F           1
                         00A0-00EF             50
                         0110-016F             60
                         0190-01EF             60
        SFR0             0000-001F             20           1
        SFR1             0080-009F             20           1
        SFR2             0100-010F             10           1
        SFR3             0180-018F             10           1
        STACK            0110-016F             60           1
        STRCODE          0003-0003              1           2
                         034D-1FFF           1CB3
        STRING           0003-0003              1           2
                         034D-1FFF            100

                                  Symbol Table

?___lwdiv                cstackCOMMON 0074
?___lwmod                cstackCOMMON 0074
SRAMread@address         cstackBANK0  0025
SRAMread@dataRecv        cstackBANK0  0027
SRAMwrite@address        cstackBANK0  0025
SRAMwrite@dataSend       cstackBANK0  0027
_InitApp                 text16       034C
_PORTA                   (abs)        0005
_PORTB                   (abs)        0006
_PORTC                   (abs)        0007
_PORTD                   (abs)        0008
_PORTE                   (abs)        0009
_RA0                     (abs)        0028
_RA1                     (abs)        0029
_RA2                     (abs)        002A
_RA3                     (abs)        002B
_RB4                     (abs)        0034
_RB5                     (abs)        0035
_RE1                     (abs)        0049
_RE2                     (abs)        004A
_SRAMinit                text15       0346
_SRAMread                text13       022B
_SRAMwrite               text12       01EE
_TRISA                   (abs)        0085
_TRISB                   (abs)        0086
_TRISC                   (abs)        0087
_TRISD                   (abs)        0088
_TRISE                   (abs)        0089
__CFG_BOREN$ON           (abs)        0000
__CFG_CP$OFF             (abs)        0000
__CFG_CPD$OFF            (abs)        0000
__CFG_FOSC$HS            (abs)        0000
__CFG_LVP$OFF            (abs)        0000
__CFG_PWRTE$ON           (abs)        0000
__CFG_WDTE$OFF           (abs)        0000
__CFG_WRT$OFF            (abs)        0000
__Habs1                  abs1         0000
__Hbank0                 bank0        0000
__Hbank1                 bank1        0000
__Hbank2                 bank2        0000
__Hbank3                 bank3        0000
__HbssBANK0              bssBANK0     0000
__Hcinit                 cinit        0025
__Hclrtext               clrtext      0000
__Hcode                  code         0000
__Hcommon                common       0000
__Hconfig                config       2008
__HcstackBANK0           cstackBANK0  0000
__HcstackCOMMON          cstackCOMMON 0000
__Heeprom_data           eeprom_data  0000
__Hend_init              end_init     0015
__Hfunctab               functab      0000
__Hidloc                 idloc        0000
__Hinit                  init         0012
__Hintentry              intentry     0012
__Hmaintext              maintext     0000
__Hpowerup               powerup      0000
__Hram                   ram          0000
__Hreset_vec             reset_vec    0003
__Hsfr0                  sfr0         0000
__Hsfr1                  sfr1         0000
__Hsfr2                  sfr2         0000
__Hsfr3                  sfr3         0000
__Hspace_0               (abs)        2008
__Hspace_1               (abs)        007A
__Hspace_2               (abs)        0000
__Hspace_3               (abs)        0000
__Hstack                 stack        0000
__Hstrings               strings      0000
__Htext                  text         0000
__Labs1                  abs1         0000
__Lbank0                 bank0        0000
__Lbank1                 bank1        0000
__Lbank2                 bank2        0000
__Lbank3                 bank3        0000
__LbssBANK0              bssBANK0     0000
__Lcinit                 cinit        0015
__Lclrtext               clrtext      0000
__Lcode                  code         0000
__Lcommon                common       0000
__Lconfig                config       2007
__LcstackBANK0           cstackBANK0  0000
__LcstackCOMMON          cstackCOMMON 0000
__Leeprom_data           eeprom_data  0000
__Lend_init              end_init     0012
__Lfunctab               functab      0000
__Lidloc                 idloc        0000
__Linit                  init         0012
__Lintentry              intentry     0004
__Lmaintext              maintext     0000
__Lpowerup               powerup      0000
__Lram                   ram          0000
__Lreset_vec             reset_vec    0000
__Lsfr0                  sfr0         0000
__Lsfr1                  sfr1         0000
__Lsfr2                  sfr2         0000
__Lsfr3                  sfr3         0000
__Lspace_0               (abs)        0000
__Lspace_1               (abs)        0000
__Lspace_2               (abs)        0000
__Lspace_3               (abs)        0000
__Lstack                 stack        0000
__Lstrings               strings      0000
__Ltext                  text         0000
__S0                     (abs)        2008
__S1                     (abs)        007A
__S2                     (abs)        0000
__S3                     (abs)        0000
___int_sp                stack        0000
___latbits               (abs)        0002
___lwdiv                 text11       01B0
___lwdiv@counter         cstackBANK0  0022
___lwdiv@dividend        cstackCOMMON 0076
___lwdiv@divisor         cstackCOMMON 0074
___lwdiv@quotient        cstackBANK0  0020
___lwmod                 text10       02D1
___lwmod@counter         cstackCOMMON 0079
___lwmod@dividend        cstackCOMMON 0076
___lwmod@divisor         cstackCOMMON 0074
___sp                    stack        0000
__end_of_InitApp         text16       034D
__end_of_SRAMinit        text15       034C
__end_of_SRAMread        text13       0264
__end_of_SRAMwrite       text12       022B
__end_of___lwdiv         text11       01EE
__end_of___lwmod         text10       0303
__end_of__initialization cinit        0021
__end_of_isr             text17       0330
__end_of_lcd_bcd         text4        00F3
__end_of_lcd_clear       text2        0340
__end_of_lcd_home        text3        0339
__end_of_lcd_initialize  text1        029C
__end_of_lcd_putchar     text5        030F
__end_of_main            maintext     0153
__end_of_send_lcd_data   text6        02D1
__end_of_set_lcd_data    text9        0346
__end_of_set_lcd_e       text8        0325
__end_of_set_lcd_rs      text7        031A
__end_of_shiftOut        text14       01B0
__initialization         cinit        0015
__pbssBANK0              bssBANK0     0037
__pcstackBANK0           cstackBANK0  0020
__pcstackCOMMON          cstackCOMMON 0070
__pintentry              intentry     0004
__pmaintext              maintext     00F3
__ptext1                 text1        0264
__ptext10                text10       02D1
__ptext11                text11       01B0
__ptext12                text12       01EE
__ptext13                text13       022B
__ptext14                text14       0153
__ptext15                text15       0346
__ptext16                text16       034C
__ptext17                text17       0325
__ptext2                 text2        0339
__ptext3                 text3        0330
__ptext4                 text4        0025
__ptext5                 text5        0303
__ptext6                 text6        029C
__ptext7                 text7        030F
__ptext8                 text8        031A
__ptext9                 text9        0340
__size_of_InitApp        (abs)        0000
__size_of_SRAMinit       (abs)        0000
__size_of_SRAMread       (abs)        0000
__size_of_SRAMwrite      (abs)        0000
__size_of___lwdiv        (abs)        0000
__size_of___lwmod        (abs)        0000
__size_of_isr            (abs)        0000
__size_of_lcd_bcd        (abs)        0000
__size_of_lcd_clear      (abs)        0000
__size_of_lcd_home       (abs)        0000
__size_of_lcd_initialize (abs)        0000
__size_of_lcd_putchar    (abs)        0000
__size_of_main           (abs)        0000
__size_of_send_lcd_data  (abs)        0000
__size_of_set_lcd_data   (abs)        0000
__size_of_set_lcd_e      (abs)        0000
__size_of_set_lcd_rs     (abs)        0000
__size_of_shiftOut       (abs)        0000
_isr                     text17       0325
_lcd_bcd                 text4        0025
_lcd_clear               text2        0339
_lcd_home                text3        0330
_lcd_initialize          text1        0264
_lcd_putchar             text5        0303
_main                    maintext     00F3
_send_lcd_data           text6        029C
_set_lcd_data            text9        0340
_set_lcd_e               text8        031A
_set_lcd_rs              text7        030F
_shiftOut                text14       0153
btemp                    (abs)        007E
end_of_initialization    cinit        0021
interrupt_function       intentry     0004
intlevel0                functab      0000
intlevel1                functab      0000
intlevel2                functab      0000
intlevel3                functab      0000
intlevel4                functab      0000
intlevel5                functab      0000
lcd_bcd@F1134            bssBANK0     0037
lcd_bcd@uc_digit         cstackBANK0  0033
lcd_bcd@ui_decimal       cstackBANK0  0029
lcd_bcd@ui_number        cstackBANK0  0023
lcd_putchar@c_data       cstackBANK0  0020
main@add                 cstackBANK0  0036
reset_vec                reset_vec    0000
saved_w                  (abs)        007E
send_lcd_data@b_rs       cstackCOMMON 0078
send_lcd_data@uc_data    cstackCOMMON 0075
set_lcd_data@uc_data     cstackCOMMON 0074
set_lcd_e@b_output       cstackCOMMON 0074
set_lcd_rs@b_output      cstackCOMMON 0074
shiftOut@bitOrder        cstackCOMMON 0076
shiftOut@i               cstackCOMMON 0077
shiftOut@val             cstackCOMMON 0074
stackhi                  (abs)        0000
stacklo                  (abs)        0000
start                    init         0012
start_initialization     cinit        0015
wtemp0                   (abs)        007E


FUNCTION INFORMATION:

 *************** function _main *****************
 Defined at:
		line 91 in file "main.c"
 Parameters:    Size  Location     Type
		None
 Auto vars:     Size  Location     Type
  j               2    0        unsigned int 
  add             1   22[BANK0 ] unsigned char 
 Return value:  Size  Location     Type
                  1    wreg      void 
 Registers used:
		wreg, fsr0l, fsr0h, status,2, status,0, btemp+1, pclath, cstack
 Tracked objects:
		On entry : 
		On exit  : 
		Unchanged: 
 Data sizes:     COMMON   BANK0   BANK1   BANK3   BANK2
      Params:         0       0       0       0       0
      Locals:         0       1       0       0       0
      Temps:          0       2       0       0       0
      Totals:         0       3       0       0       0
Total ram usage:        3 bytes
 Hardware stack levels required when called:    5
 This function calls:
		_InitApp
		_SRAMinit
		_SRAMread
		_SRAMwrite
		_lcd_bcd
		_lcd_home
		_lcd_initialize
 This function is called by:
		Startup code after reset
 This function uses a non-reentrant model


 *************** function _lcd_initialize *****************
 Defined at:
		line 100 in file "lcd.c"
 Parameters:    Size  Location     Type
		None
 Auto vars:     Size  Location     Type
		None
 Return value:  Size  Location     Type
                  1    wreg      void 
 Registers used:
		wreg, status,2, status,0, pclath, cstack
 Tracked objects:
		On entry : 
		On exit  : 
		Unchanged: 
 Data sizes:     COMMON   BANK0   BANK1   BANK3   BANK2
      Params:         0       0       0       0       0
      Locals:         0       0       0       0       0
      Temps:          0       2       0       0       0
      Totals:         0       2       0       0       0
Total ram usage:        2 bytes
 Hardware stack levels used:    1
 Hardware stack levels required when called:    4
 This function calls:
		_lcd_clear
		_send_lcd_data
		_set_lcd_e
 This function is called by:
		_main
 This function uses a non-reentrant model


 *************** function _lcd_clear *****************
 Defined at:
		line 136 in file "lcd.c"
 Parameters:    Size  Location     Type
		None
 Auto vars:     Size  Location     Type
		None
 Return value:  Size  Location     Type
                  1    wreg      void 
 Registers used:
		wreg, status,2, status,0, pclath, cstack
 Tracked objects:
		On entry : 
		On exit  : 
		Unchanged: 
 Data sizes:     COMMON   BANK0   BANK1   BANK3   BANK2
      Params:         0       0       0       0       0
      Locals:         0       0       0       0       0
      Temps:          0       0       0       0       0
      Totals:         0       0       0       0       0
Total ram usage:        0 bytes
 Hardware stack levels used:    1
 Hardware stack levels required when called:    3
 This function calls:
		_send_lcd_data
 This function is called by:
		_lcd_initialize
 This function uses a non-reentrant model


 *************** function _lcd_home *****************
 Defined at:
		line 157 in file "lcd.c"
 Parameters:    Size  Location     Type
		None
 Auto vars:     Size  Location     Type
		None
 Return value:  Size  Location     Type
                  1    wreg      void 
 Registers used:
		wreg, status,2, status,0, pclath, cstack
 Tracked objects:
		On entry : 
		On exit  : 
		Unchanged: 
 Data sizes:     COMMON   BANK0   BANK1   BANK3   BANK2
      Params:         0       0       0       0       0
      Locals:         0       0       0       0       0
      Temps:          1       0       0       0       0
      Totals:         1       0       0       0       0
Total ram usage:        1 bytes
 Hardware stack levels used:    1
 Hardware stack levels required when called:    3
 This function calls:
		_send_lcd_data
 This function is called by:
		_main
 This function uses a non-reentrant model


 *************** function _lcd_bcd *****************
 Defined at:
		line 274 in file "lcd.c"
 Parameters:    Size  Location     Type
  uc_digit        1    wreg     unsigned char 
  ui_number       2    3[BANK0 ] unsigned int 
 Auto vars:     Size  Location     Type
  uc_digit        1   19[BANK0 ] unsigned char 
  ui_decimal     10    9[BANK0 ] unsigned int [5]
 Return value:  Size  Location     Type
                  1    wreg      void 
 Registers used:
		wreg, fsr0l, fsr0h, status,2, status,0, pclath, cstack
 Tracked objects:
		On entry : 
		On exit  : 
		Unchanged: 
 Data sizes:     COMMON   BANK0   BANK1   BANK3   BANK2
      Params:         0       2       0       0       0
      Locals:         0      11       0       0       0
      Temps:          0       4       0       0       0
      Totals:         0      17       0       0       0
Total ram usage:       17 bytes
 Hardware stack levels used:    1
 Hardware stack levels required when called:    4
 This function calls:
		___lwdiv
		___lwmod
		_lcd_putchar
 This function is called by:
		_main
 This function uses a non-reentrant model


 *************** function _lcd_putchar *****************
 Defined at:
		line 220 in file "lcd.c"
 Parameters:    Size  Location     Type
  c_data          1    wreg     unsigned char 
 Auto vars:     Size  Location     Type
  c_data          1    0[BANK0 ] unsigned char 
 Return value:  Size  Location     Type
                  1    wreg      void 
 Registers used:
		wreg, status,2, status,0, pclath, cstack
 Tracked objects:
		On entry : 
		On exit  : 
		Unchanged: 
 Data sizes:     COMMON   BANK0   BANK1   BANK3   BANK2
      Params:         0       0       0       0       0
      Locals:         0       1       0       0       0
      Temps:          1       0       0       0       0
      Totals:         1       1       0       0       0
Total ram usage:        2 bytes
 Hardware stack levels used:    1
 Hardware stack levels required when called:    3
 This function calls:
		_send_lcd_data
 This function is called by:
		_lcd_bcd
		_lcd_putstr
 This function uses a non-reentrant model


 *************** function _send_lcd_data *****************
 Defined at:
		line 308 in file "lcd.c"
 Parameters:    Size  Location     Type
  b_rs            1    wreg     unsigned char 
  uc_data         1    5[COMMON] unsigned char 
 Auto vars:     Size  Location     Type
  b_rs            1    8[COMMON] unsigned char 
 Return value:  Size  Location     Type
                  1    wreg      void 
 Registers used:
		wreg, status,2, status,0, pclath, cstack
 Tracked objects:
		On entry : 
		On exit  : 
		Unchanged: 
 Data sizes:     COMMON   BANK0   BANK1   BANK3   BANK2
      Params:         1       0       0       0       0
      Locals:         1       0       0       0       0
      Temps:          2       0       0       0       0
      Totals:         4       0       0       0       0
Total ram usage:        4 bytes
 Hardware stack levels used:    1
 Hardware stack levels required when called:    2
 This function calls:
		_set_lcd_data
		_set_lcd_e
		_set_lcd_rs
 This function is called by:
		_lcd_initialize
		_lcd_clear
		_lcd_home
		_lcd_putchar
		_lcd_2ndline
		_lcd_goto
 This function uses a non-reentrant model


 *************** function _set_lcd_rs *****************
 Defined at:
		line 360 in file "lcd.c"
 Parameters:    Size  Location     Type
  b_output        1    wreg     unsigned char 
 Auto vars:     Size  Location     Type
  b_output        1    4[COMMON] unsigned char 
 Return value:  Size  Location     Type
                  1    wreg      void 
 Registers used:
		wreg
 Tracked objects:
		On entry : 
		On exit  : 
		Unchanged: 
 Data sizes:     COMMON   BANK0   BANK1   BANK3   BANK2
      Params:         0       0       0       0       0
      Locals:         1       0       0       0       0
      Temps:          0       0       0       0       0
      Totals:         1       0       0       0       0
Total ram usage:        1 bytes
 Hardware stack levels used:    1
 Hardware stack levels required when called:    1
 This function calls:
		Nothing
 This function is called by:
		_send_lcd_data
 This function uses a non-reentrant model


 *************** function _set_lcd_e *****************
 Defined at:
		line 340 in file "lcd.c"
 Parameters:    Size  Location     Type
  b_output        1    wreg     unsigned char 
 Auto vars:     Size  Location     Type
  b_output        1    4[COMMON] unsigned char 
 Return value:  Size  Location     Type
                  1    wreg      void 
 Registers used:
		wreg
 Tracked objects:
		On entry : 
		On exit  : 
		Unchanged: 
 Data sizes:     COMMON   BANK0   BANK1   BANK3   BANK2
      Params:         0       0       0       0       0
      Locals:         1       0       0       0       0
      Temps:          0       0       0       0       0
      Totals:         1       0       0       0       0
Total ram usage:        1 bytes
 Hardware stack levels used:    1
 Hardware stack levels required when called:    1
 This function calls:
		Nothing
 This function is called by:
		_lcd_initialize
		_send_lcd_data
 This function uses a non-reentrant model


 *************** function _set_lcd_data *****************
 Defined at:
		line 380 in file "lcd.c"
 Parameters:    Size  Location     Type
  uc_data         1    wreg     unsigned char 
 Auto vars:     Size  Location     Type
  uc_data         1    4[COMMON] unsigned char 
 Return value:  Size  Location     Type
                  1    wreg      void 
 Registers used:
		wreg
 Tracked objects:
		On entry : 
		On exit  : 
		Unchanged: 
 Data sizes:     COMMON   BANK0   BANK1   BANK3   BANK2
      Params:         0       0       0       0       0
      Locals:         1       0       0       0       0
      Temps:          0       0       0       0       0
      Totals:         1       0       0       0       0
Total ram usage:        1 bytes
 Hardware stack levels used:    1
 Hardware stack levels required when called:    1
 This function calls:
		Nothing
 This function is called by:
		_send_lcd_data
 This function uses a non-reentrant model


 *************** function ___lwmod *****************
 Defined at:
		line 6 in file "C:\Program Files (x86)\Microchip\xc8\v1.45\sources\common\lwmod.c"
 Parameters:    Size  Location     Type
  divisor         2    4[COMMON] unsigned int 
  dividend        2    6[COMMON] unsigned int 
 Auto vars:     Size  Location     Type
  counter         1    9[COMMON] unsigned char 
 Return value:  Size  Location     Type
                  2    4[COMMON] unsigned int 
 Registers used:
		wreg, status,2, status,0
 Tracked objects:
		On entry : 
		On exit  : 
		Unchanged: 
 Data sizes:     COMMON   BANK0   BANK1   BANK3   BANK2
      Params:         4       0       0       0       0
      Locals:         1       0       0       0       0
      Temps:          1       0       0       0       0
      Totals:         6       0       0       0       0
Total ram usage:        6 bytes
 Hardware stack levels used:    1
 Hardware stack levels required when called:    1
 This function calls:
		Nothing
 This function is called by:
		_lcd_bcd
 This function uses a non-reentrant model


 *************** function ___lwdiv *****************
 Defined at:
		line 6 in file "C:\Program Files (x86)\Microchip\xc8\v1.45\sources\common\lwdiv.c"
 Parameters:    Size  Location     Type
  divisor         2    4[COMMON] unsigned int 
  dividend        2    6[COMMON] unsigned int 
 Auto vars:     Size  Location     Type
  quotient        2    0[BANK0 ] unsigned int 
  counter         1    2[BANK0 ] unsigned char 
 Return value:  Size  Location     Type
                  2    4[COMMON] unsigned int 
 Registers used:
		wreg, status,2, status,0
 Tracked objects:
		On entry : 
		On exit  : 
		Unchanged: 
 Data sizes:     COMMON   BANK0   BANK1   BANK3   BANK2
      Params:         4       0       0       0       0
      Locals:         0       3       0       0       0
      Temps:          1       0       0       0       0
      Totals:         5       3       0       0       0
Total ram usage:        8 bytes
 Hardware stack levels used:    1
 Hardware stack levels required when called:    1
 This function calls:
		Nothing
 This function is called by:
		_lcd_bcd
 This function uses a non-reentrant model


 *************** function _SRAMwrite *****************
 Defined at:
		line 69 in file "main.c"
 Parameters:    Size  Location     Type
  address         2    5[BANK0 ] unsigned int 
  dataSend        1    7[BANK0 ] unsigned char 
 Auto vars:     Size  Location     Type
		None
 Return value:  Size  Location     Type
                  1    wreg      void 
 Registers used:
		wreg, status,2, status,0, btemp+1, pclath, cstack
 Tracked objects:
		On entry : 
		On exit  : 
		Unchanged: 
 Data sizes:     COMMON   BANK0   BANK1   BANK3   BANK2
      Params:         0       3       0       0       0
      Locals:         0       0       0       0       0
      Temps:          1       0       0       0       0
      Totals:         1       3       0       0       0
Total ram usage:        4 bytes
 Hardware stack levels used:    1
 Hardware stack levels required when called:    2
 This function calls:
		_shiftOut
 This function is called by:
		_main
 This function uses a non-reentrant model


 *************** function _SRAMread *****************
 Defined at:
		line 48 in file "main.c"
 Parameters:    Size  Location     Type
  address         2    5[BANK0 ] unsigned int 
 Auto vars:     Size  Location     Type
  dataRecv        1    7[BANK0 ] unsigned char 
 Return value:  Size  Location     Type
                  1    wreg      unsigned char 
 Registers used:
		wreg, status,2, status,0, btemp+1, pclath, cstack
 Tracked objects:
		On entry : 
		On exit  : 
		Unchanged: 
 Data sizes:     COMMON   BANK0   BANK1   BANK3   BANK2
      Params:         0       2       0       0       0
      Locals:         0       1       0       0       0
      Temps:          1       0       0       0       0
      Totals:         1       3       0       0       0
Total ram usage:        4 bytes
 Hardware stack levels used:    1
 Hardware stack levels required when called:    2
 This function calls:
		_shiftOut
 This function is called by:
		_main
 This function uses a non-reentrant model


 *************** function _shiftOut *****************
 Defined at:
		line 19 in file "main.c"
 Parameters:    Size  Location     Type
  bitOrder        1    wreg     unsigned char 
  val             2    4[COMMON] unsigned int 
 Auto vars:     Size  Location     Type
  bitOrder        1    6[COMMON] unsigned char 
  i               2    7[COMMON] int 
 Return value:  Size  Location     Type
                  1    wreg      void 
 Registers used:
		wreg, status,2, status,0, btemp+1
 Tracked objects:
		On entry : 
		On exit  : 
		Unchanged: 
 Data sizes:     COMMON   BANK0   BANK1   BANK3   BANK2
      Params:         2       0       0       0       0
      Locals:         3       0       0       0       0
      Temps:          0       5       0       0       0
      Totals:         5       5       0       0       0
Total ram usage:       10 bytes
 Hardware stack levels used:    1
 Hardware stack levels required when called:    1
 This function calls:
		Nothing
 This function is called by:
		_SRAMread
		_SRAMwrite
 This function uses a non-reentrant model


 *************** function _SRAMinit *****************
 Defined at:
		line 42 in file "main.c"
 Parameters:    Size  Location     Type
		None
 Auto vars:     Size  Location     Type
		None
 Return value:  Size  Location     Type
                  1    wreg      void 
 Registers used:
		None
 Tracked objects:
		On entry : 
		On exit  : 
		Unchanged: 
 Data sizes:     COMMON   BANK0   BANK1   BANK3   BANK2
      Params:         0       0       0       0       0
      Locals:         0       0       0       0       0
      Temps:          0       0       0       0       0
      Totals:         0       0       0       0       0
Total ram usage:        0 bytes
 Hardware stack levels used:    1
 Hardware stack levels required when called:    1
 This function calls:
		Nothing
 This function is called by:
		_main
 This function uses a non-reentrant model


 *************** function _InitApp *****************
 Defined at:
		line 22 in file "user.c"
 Parameters:    Size  Location     Type
		None
 Auto vars:     Size  Location     Type
		None
 Return value:  Size  Location     Type
                  1    wreg      void 
 Registers used:
		None
 Tracked objects:
		On entry : 
		On exit  : 
		Unchanged: 
 Data sizes:     COMMON   BANK0   BANK1   BANK3   BANK2
      Params:         0       0       0       0       0
      Locals:         0       0       0       0       0
      Temps:          0       0       0       0       0
      Totals:         0       0       0       0       0
Total ram usage:        0 bytes
 Hardware stack levels used:    1
 Hardware stack levels required when called:    1
 This function calls:
		Nothing
 This function is called by:
		_main
 This function uses a non-reentrant model


 *************** function _isr *****************
 Defined at:
		line 23 in file "interrupts.c"
 Parameters:    Size  Location     Type
		None
 Auto vars:     Size  Location     Type
		None
 Return value:  Size  Location     Type
                  1    wreg      void 
 Registers used:
		None
 Tracked objects:
		On entry : 
		On exit  : 
		Unchanged: 
 Data sizes:     COMMON   BANK0   BANK1   BANK3   BANK2
      Params:         0       0       0       0       0
      Locals:         0       0       0       0       0
      Temps:          4       0       0       0       0
      Totals:         4       0       0       0       0
Total ram usage:        4 bytes
 Hardware stack levels used:    1
 This function calls:
		Nothing
 This function is called by:
		Interrupt level 1
 This function uses a non-reentrant model



MODULE INFORMATION

Module		Function		Class		Link	Load	Size
interrupts.c
		_isr           		CODE           	0325	0000	12

interrupts.c estimated size: 12

C:\Program Files (x86)\Microchip\xc8\v1.45\sources\common\lwmod.c
		___lwmod       		CODE           	02D1	0000	51

C:\Program Files (x86)\Microchip\xc8\v1.45\sources\common\lwmod.c estimated size: 51

shared
		__initialization		CODE           	0015	0000	13

shared estimated size: 13

C:\Program Files (x86)\Microchip\xc8\v1.45\sources\common\lwdiv.c
		___lwdiv       		CODE           	01B0	0000	63

C:\Program Files (x86)\Microchip\xc8\v1.45\sources\common\lwdiv.c estimated size: 63

lcd.c
		_set_lcd_e     		CODE           	031A	0000	12
		_set_lcd_rs    		CODE           	030F	0000	12
		_set_lcd_data  		CODE           	0340	0000	7
		_lcd_putchar   		CODE           	0303	0000	13
		_lcd_initialize		CODE           	0264	0000	57
		_lcd_clear     		CODE           	0339	0000	8
		_lcd_bcd       		CODE           	0025	0000	207
		_send_lcd_data 		CODE           	029C	0000	54
		_lcd_home      		CODE           	0330	0000	10

lcd.c estimated size: 380

user.c
		_InitApp       		CODE           	034C	0000	2

user.c estimated size: 2

main.c
		_SRAMwrite     		CODE           	01EE	0000	62
		_SRAMread      		CODE           	022B	0000	58
		_SRAMinit      		CODE           	0346	0000	7
		_main          		CODE           	00F3	0000	97
		_shiftOut      		CODE           	0153	0000	94

main.c estimated size: 318

