Microchip MPLAB XC8 Compiler V1.45 ()

Linker command line:

--edf=C:\Program Files (x86)\Microchip\xc8\v1.45\dat\en_msgs.txt -cs \
  -h+dist/HT_PIC16F54/production\pic16F877A_Voltmeter.X.production.sym \
  --cmf=dist/HT_PIC16F54/production\pic16F877A_Voltmeter.X.production.cmf \
  -z -Q16F877A -oC:\Users\Amirz\AppData\Local\Temp\sapo.2 \
  -Mdist/HT_PIC16F54/production/pic16F877A_Voltmeter.X.production.map -E1 \
  -ver=XC8 -ASTACK=0110h-016fh -pstack=STACK -ACODE=00h-07FFhx4 \
  -ASTRCODE=00h-01FFFh -ASTRING=00h-0FFhx32 -ACONST=00h-0FFhx32 \
  -AENTRY=00h-0FFhx32 -ACOMMON=070h-07Fh -ABANK0=020h-06Fh \
  -ABANK1=0A0h-0EFh -ABANK2=0110h-016Fh -ABANK3=0190h-01EFh \
  -ARAM=020h-06Fh,0A0h-0EFh,0110h-016Fh,0190h-01EFh \
  -AABS1=020h-07Fh,0A0h-0EFh,0110h-016Fh,0190h-01EFh -ASFR0=00h-01Fh \
  -ASFR1=080h-09Fh -ASFR2=0100h-010Fh -ASFR3=0180h-018Fh \
  -preset_vec=00h,intentry=04h,init,end_init -ppowerup=CODE -pcinit=CODE \
  -pfunctab=ENTRY -ACONFIG=02007h-02007h -pconfig=CONFIG -DCONFIG=2 \
  -AIDLOC=02000h-02003h -pidloc=IDLOC -DIDLOC=2 -AEEDATA=00h-0FFh/02100h \
  -peeprom_data=EEDATA -DEEDATA=2 -DCODE=2 -DSTRCODE=2 -DSTRING=2 -DCONST=2 \
  -DENTRY=2 -k C:\Users\Amirz\AppData\Local\Temp\sapo.obj \
  dist/HT_PIC16F54/production\pic16F877A_Voltmeter.X.production.obj 

Object code version is 3.11

Machine type is 16F877A



                Name                               Link     Load   Length Selector   Space Scale
C:\Users\Amirz\AppData\Local\Temp\sapo.obj
                end_init                             12       12        3        8       0
                reset_vec                             0        0        3        0       0
                config                             2007     2007        1     400E       0
dist/HT_PIC16F54/production\pic16F877A_Voltmeter.X.production.obj
                cinit                                15       15       10        8       0
                intentry                              4        4        E        8       0
                text23                              4EA      4EA        B      958       0
                text22                              518      518        1      958       0
                text21                              2CF      2CF       72        8       0
                text20                               25       25       D3        8       0
                text19                              1C6      1C6       8E        8       0
                text18                              485      485       18        8       0
                text17                              4AC      4AC        F      958       0
                text16                              514      514        4      958       0
                text15                              341      341       3E        8       0
                text14                              428      428       32        8       0
                text13                              50E      50E        6      958       0
                text12                              4DF      4DF        B      958       0
                text11                              4D4      4D4        B      958       0
                text10                              3F3      3F3       35        8       0
                text9                               4C8      4C8        C      958       0
                text8                                F8       F8       CE        8       0
                text7                               4BB      4BB        D      958       0
                text6                               4FE      4FE        9      958       0
                text5                               507      507        7      958       0
                text4                               3BB      3BB       38        8       0
                text3                               4F5      4F5        9      958       0
                text2                               37F      37F       3C        8       0
                text1                               45A      45A       2B        8       0
                maintext                            254      254       7B        8       0
                cstackBANK0                          20       20       27       20       1
                cstackCOMMON                         70       70        A       70       1
                bssBANK0                             47       47        A       20       1
                strings                             49D      49D        F      93A       0

TOTAL           Name                               Link     Load   Length     Space
        CLASS   STACK          

        CLASS   CODE           
                end_init                             12       12        3         0
                cinit                                15       15       10         0
                intentry                              4        4        E         0
                reset_vec                             0        0        3         0
                text23                              4EA      4EA        B         0
                text22                              518      518        1         0
                text21                              2CF      2CF       72         0
                text20                               25       25       D3         0
                text19                              1C6      1C6       8E         0
                text18                              485      485       18         0
                text17                              4AC      4AC        F         0
                text16                              514      514        4         0
                text15                              341      341       3E         0
                text14                              428      428       32         0
                text13                              50E      50E        6         0
                text12                              4DF      4DF        B         0
                text11                              4D4      4D4        B         0
                text10                              3F3      3F3       35         0
                text9                               4C8      4C8        C         0
                text8                                F8       F8       CE         0
                text7                               4BB      4BB        D         0
                text6                               4FE      4FE        9         0
                text5                               507      507        7         0
                text4                               3BB      3BB       38         0
                text3                               4F5      4F5        9         0
                text2                               37F      37F       3C         0
                text1                               45A      45A       2B         0
                maintext                            254      254       7B         0

        CLASS   STRCODE        

        CLASS   STRING         
                strings                             49D      49D        F         0

        CLASS   CONST          

        CLASS   ENTRY          

        CLASS   COMMON         
                cstackCOMMON                         70       70        A         1

        CLASS   BANK0          
                cstackBANK0                          20       20       27         1
                bssBANK0                             47       47        A         1

        CLASS   BANK1          

        CLASS   BANK2          

        CLASS   BANK3          

        CLASS   RAM            

        CLASS   ABS1           
                abs_s1                               7E       7E        2         1

        CLASS   SFR0           

        CLASS   SFR1           

        CLASS   SFR2           

        CLASS   SFR3           

        CLASS   CONFIG         
                config                             2007     2007        1         0

        CLASS   IDLOC          

        CLASS   EEDATA         



SEGMENTS        Name                           Load    Length   Top    Selector   Space  Class     Delta

                reset_vec                      000000  000003  000003         0       0  CODE        2
                intentry                       000004  000499  00049D         8       0  CODE        2
                cstackBANK0                    000020  000031  000051        20       1  BANK0       1
                cstackCOMMON                   000070  00000A  00007A        70       1  COMMON      1
                strings                        00049D  00000F  0004AC       93A       0  STRING      2
                text17                         0004AC  00006D  000519       958       0  CODE        2
                config                         002007  000001  002008      400E       0  CONFIG      2


UNUSED ADDRESS RANGES

        Name                Unused          Largest block    Delta
        BANK0            0051-006F             1F           1
        BANK1            00A0-00EF             50           1
        BANK2            0110-016F             60           1
        BANK3            0190-01EF             60           1
        CODE             0003-0003              1           2
                         0519-1FFF            800
        COMMON           007A-007D              4           1
        CONST            0003-0003              1           2
                         0519-1FFF            100
        EEDATA           2100-21FF            100           2
        ENTRY            0003-0003              1           2
                         0519-1FFF            100
        IDLOC            2000-2003              4           2
        RAM              0051-006F             1F           1
                         00A0-00EF             50
                         0110-016F             60
                         0190-01EF             60
        SFR0             0000-001F             20           1
        SFR1             0080-009F             20           1
        SFR2             0100-010F             10           1
        SFR3             0180-018F             10           1
        STACK            0110-016F             60           1
        STRCODE          0003-0003              1           2
                         0519-1FFF           1AE7
        STRING           0003-0003              1           2
                         0519-1FFF            100

                                  Symbol Table

?___ftmul                cstackBANK0  0027
?___ftpack               cstackCOMMON 0074
?___fttol                cstackBANK0  0037
?___lwdiv                cstackCOMMON 0074
?___lwmod                cstackCOMMON 0074
?___lwtoft               cstackBANK0  0023
?_ui_adc_read            cstackCOMMON 0074
_ADCS0                   (abs)        00FE
_ADCS1                   (abs)        00FF
_ADFM                    (abs)        04FF
_ADON                    (abs)        00F8
_ADRESH                  (abs)        001E
_ADRESL                  (abs)        009E
_CHS0                    (abs)        00FB
_CHS1                    (abs)        00FC
_CHS2                    (abs)        00FD
_GO_nDONE                (abs)        00FA
_InitApp                 text22       0518
_PCFG0                   (abs)        04F8
_PCFG1                   (abs)        04F9
_PCFG2                   (abs)        04FA
_PCFG3                   (abs)        04FB
_PORTA                   (abs)        0005
_PORTB                   (abs)        0006
_PORTC                   (abs)        0007
_PORTD                   (abs)        0008
_RB4                     (abs)        0034
_RB5                     (abs)        0035
_TRISA                   (abs)        0085
_TRISB                   (abs)        0086
_TRISC                   (abs)        0087
_TRISD                   (abs)        0088
__CFG_BOREN$ON           (abs)        0000
__CFG_CP$OFF             (abs)        0000
__CFG_CPD$OFF            (abs)        0000
__CFG_FOSC$HS            (abs)        0000
__CFG_LVP$OFF            (abs)        0000
__CFG_PWRTE$ON           (abs)        0000
__CFG_WDTE$OFF           (abs)        0000
__CFG_WRT$OFF            (abs)        0000
__Habs1                  abs1         0000
__Hbank0                 bank0        0000
__Hbank1                 bank1        0000
__Hbank2                 bank2        0000
__Hbank3                 bank3        0000
__HbssBANK0              bssBANK0     0000
__Hcinit                 cinit        0025
__Hclrtext               clrtext      0000
__Hcode                  code         0000
__Hcommon                common       0000
__Hconfig                config       2008
__HcstackBANK0           cstackBANK0  0000
__HcstackCOMMON          cstackCOMMON 0000
__Heeprom_data           eeprom_data  0000
__Hend_init              end_init     0015
__Hfunctab               functab      0000
__Hidloc                 idloc        0000
__Hinit                  init         0012
__Hintentry              intentry     0012
__Hmaintext              maintext     0000
__Hpowerup               powerup      0000
__Hram                   ram          0000
__Hreset_vec             reset_vec    0003
__Hsfr0                  sfr0         0000
__Hsfr1                  sfr1         0000
__Hsfr2                  sfr2         0000
__Hsfr3                  sfr3         0000
__Hspace_0               (abs)        2008
__Hspace_1               (abs)        007A
__Hspace_2               (abs)        0000
__Hspace_3               (abs)        0000
__Hstack                 stack        0000
__Hstrings               strings      0000
__Htext                  text         0000
__Labs1                  abs1         0000
__Lbank0                 bank0        0000
__Lbank1                 bank1        0000
__Lbank2                 bank2        0000
__Lbank3                 bank3        0000
__LbssBANK0              bssBANK0     0000
__Lcinit                 cinit        0015
__Lclrtext               clrtext      0000
__Lcode                  code         0000
__Lcommon                common       0000
__Lconfig                config       2007
__LcstackBANK0           cstackBANK0  0000
__LcstackCOMMON          cstackCOMMON 0000
__Leeprom_data           eeprom_data  0000
__Lend_init              end_init     0012
__Lfunctab               functab      0000
__Lidloc                 idloc        0000
__Linit                  init         0012
__Lintentry              intentry     0004
__Lmaintext              maintext     0000
__Lpowerup               powerup      0000
__Lram                   ram          0000
__Lreset_vec             reset_vec    0000
__Lsfr0                  sfr0         0000
__Lsfr1                  sfr1         0000
__Lsfr2                  sfr2         0000
__Lsfr3                  sfr3         0000
__Lspace_0               (abs)        0000
__Lspace_1               (abs)        0000
__Lspace_2               (abs)        0000
__Lspace_3               (abs)        0000
__Lstack                 stack        0000
__Lstrings               strings      0000
__Ltext                  text         0000
__S0                     (abs)        2008
__S1                     (abs)        007A
__S2                     (abs)        0000
__S3                     (abs)        0000
___ftmul                 text20       0025
___ftmul@cntr            cstackBANK0  0035
___ftmul@exp             cstackBANK0  0031
___ftmul@f1              cstackBANK0  0027
___ftmul@f2              cstackBANK0  002A
___ftmul@f3_as_product   cstackBANK0  0032
___ftmul@sign            cstackBANK0  0036
___ftpack                text21       02CF
___ftpack@arg            cstackCOMMON 0074
___ftpack@exp            cstackCOMMON 0077
___ftpack@sign           cstackCOMMON 0078
___fttol                 text19       01C6
___fttol@exp1            cstackBANK0  0044
___fttol@f1              cstackBANK0  0037
___fttol@lval            cstackBANK0  0040
___fttol@sign1           cstackBANK0  003F
___int_sp                stack        0000
___latbits               (abs)        0002
___lwdiv                 text15       0341
___lwdiv@counter         cstackBANK0  0022
___lwdiv@dividend        cstackCOMMON 0076
___lwdiv@divisor         cstackCOMMON 0074
___lwdiv@quotient        cstackBANK0  0020
___lwmod                 text14       0428
___lwmod@counter         cstackCOMMON 0079
___lwmod@dividend        cstackCOMMON 0076
___lwmod@divisor         cstackCOMMON 0074
___lwtoft                text18       0485
___lwtoft@c              cstackBANK0  0023
___sp                    stack        0000
__end_of_InitApp         text22       0519
__end_of___ftmul         text20       00F8
__end_of___ftpack        text21       0341
__end_of___fttol         text19       0254
__end_of___lwdiv         text15       037F
__end_of___lwmod         text14       045A
__end_of___lwtoft        text18       049D
__end_of__initialization cinit        0021
__end_of__stringtab      strings      04A3
__end_of_adc_initialize  text17       04BB
__end_of_adc_on          text16       0518
__end_of_isr             text23       04F5
__end_of_lcd_2ndline     text3        04FE
__end_of_lcd_bcd         text8        01C6
__end_of_lcd_clear       text5        050E
__end_of_lcd_goto        text7        04C8
__end_of_lcd_home        text6        0507
__end_of_lcd_initialize  text4        03F3
__end_of_lcd_putchar     text9        04D4
__end_of_lcd_putstr      text2        03BB
__end_of_main            maintext     02CF
__end_of_send_lcd_data   text10       0428
__end_of_set_lcd_data    text13       0514
__end_of_set_lcd_e       text12       04EA
__end_of_set_lcd_rs      text11       04DF
__end_of_ui_adc_read     text1        0485
__initialization         cinit        0015
__pbssBANK0              bssBANK0     0047
__pcstackBANK0           cstackBANK0  0020
__pcstackCOMMON          cstackCOMMON 0070
__pintentry              intentry     0004
__pmaintext              maintext     0254
__pstrings               strings      049D
__ptext1                 text1        045A
__ptext10                text10       03F3
__ptext11                text11       04D4
__ptext12                text12       04DF
__ptext13                text13       050E
__ptext14                text14       0428
__ptext15                text15       0341
__ptext16                text16       0514
__ptext17                text17       04AC
__ptext18                text18       0485
__ptext19                text19       01C6
__ptext2                 text2        037F
__ptext20                text20       0025
__ptext21                text21       02CF
__ptext22                text22       0518
__ptext23                text23       04EA
__ptext3                 text3        04F5
__ptext4                 text4        03BB
__ptext5                 text5        0507
__ptext6                 text6        04FE
__ptext7                 text7        04BB
__ptext8                 text8        00F8
__ptext9                 text9        04C8
__size_of_InitApp        (abs)        0000
__size_of___ftmul        (abs)        0000
__size_of___ftpack       (abs)        0000
__size_of___fttol        (abs)        0000
__size_of___lwdiv        (abs)        0000
__size_of___lwmod        (abs)        0000
__size_of___lwtoft       (abs)        0000
__size_of_adc_initialize (abs)        0000
__size_of_adc_on         (abs)        0000
__size_of_isr            (abs)        0000
__size_of_lcd_2ndline    (abs)        0000
__size_of_lcd_bcd        (abs)        0000
__size_of_lcd_clear      (abs)        0000
__size_of_lcd_goto       (abs)        0000
__size_of_lcd_home       (abs)        0000
__size_of_lcd_initialize (abs)        0000
__size_of_lcd_putchar    (abs)        0000
__size_of_lcd_putstr     (abs)        0000
__size_of_main           (abs)        0000
__size_of_send_lcd_data  (abs)        0000
__size_of_set_lcd_data   (abs)        0000
__size_of_set_lcd_e      (abs)        0000
__size_of_set_lcd_rs     (abs)        0000
__size_of_ui_adc_read    (abs)        0000
__stringbase             strings      04A2
__stringtab              strings      049D
_adc_initialize          text17       04AC
_adc_on                  text16       0514
_isr                     text23       04EA
_lcd_2ndline             text3        04F5
_lcd_bcd                 text8        00F8
_lcd_clear               text5        0507
_lcd_goto                text7        04BB
_lcd_home                text6        04FE
_lcd_initialize          text4        03BB
_lcd_putchar             text9        04C8
_lcd_putstr              text2        037F
_main                    maintext     0254
_send_lcd_data           text10       03F3
_set_lcd_data            text13       050E
_set_lcd_e               text12       04DF
_set_lcd_rs              text11       04D4
_ui_adc_read             text1        045A
btemp                    (abs)        007E
end_of_initialization    cinit        0021
interrupt_function       intentry     0004
intlevel0                functab      0000
intlevel1                functab      0000
intlevel2                functab      0000
intlevel3                functab      0000
intlevel4                functab      0000
intlevel5                functab      0000
lcd_bcd@F1134            bssBANK0     0047
lcd_bcd@uc_digit         cstackBANK0  0033
lcd_bcd@ui_decimal       cstackBANK0  0029
lcd_bcd@ui_number        cstackBANK0  0023
lcd_goto@uc_position     cstackBANK0  0020
lcd_putchar@c_data       cstackBANK0  0020
lcd_putstr@csz_string    cstackBANK0  0022
main@inputvolt           cstackBANK0  0045
reset_vec                reset_vec    0000
saved_w                  (abs)        007E
send_lcd_data@b_rs       cstackCOMMON 0078
send_lcd_data@uc_data    cstackCOMMON 0075
set_lcd_data@uc_data     cstackCOMMON 0074
set_lcd_e@b_output       cstackCOMMON 0074
set_lcd_rs@b_output      cstackCOMMON 0074
stackhi                  (abs)        0000
stacklo                  (abs)        0000
start                    init         0012
start_initialization     cinit        0015
ui_adc_read@pot          cstackCOMMON 0078
wtemp0                   (abs)        007E


FUNCTION INFORMATION:

 *************** function _main *****************
 Defined at:
		line 23 in file "main.c"
 Parameters:    Size  Location     Type
		None
 Auto vars:     Size  Location     Type
  inputvolt       2   37[BANK0 ] unsigned int 
 Return value:  Size  Location     Type
                  1    wreg      void 
 Registers used:
		wreg, fsr0l, fsr0h, status,2, status,0, btemp+1, pclath, cstack
 Tracked objects:
		On entry : 
		On exit  : 
		Unchanged: 
 Data sizes:     COMMON   BANK0   BANK1   BANK3   BANK2
      Params:         0       0       0       0       0
      Locals:         0       2       0       0       0
      Temps:          0       0       0       0       0
      Totals:         0       2       0       0       0
Total ram usage:        2 bytes
 Hardware stack levels required when called:    5
 This function calls:
		_InitApp
		___ftmul
		___fttol
		___lwtoft
		_adc_initialize
		_adc_on
		_lcd_bcd
		_lcd_goto
		_lcd_home
		_lcd_initialize
		_lcd_putstr
		_ui_adc_read
 This function is called by:
		Startup code after reset
 This function uses a non-reentrant model


 *************** function _ui_adc_read *****************
 Defined at:
		line 107 in file "adc.c"
 Parameters:    Size  Location     Type
		None
 Auto vars:     Size  Location     Type
  pot             2    8[COMMON] unsigned int 
 Return value:  Size  Location     Type
                  2    4[COMMON] unsigned int 
 Registers used:
		wreg, status,2, btemp+1
 Tracked objects:
		On entry : 
		On exit  : 
		Unchanged: 
 Data sizes:     COMMON   BANK0   BANK1   BANK3   BANK2
      Params:         2       0       0       0       0
      Locals:         2       0       0       0       0
      Temps:          2       0       0       0       0
      Totals:         6       0       0       0       0
Total ram usage:        6 bytes
 Hardware stack levels used:    1
 Hardware stack levels required when called:    1
 This function calls:
		Nothing
 This function is called by:
		_main
 This function uses a non-reentrant model


 *************** function _lcd_putstr *****************
 Defined at:
		line 241 in file "lcd.c"
 Parameters:    Size  Location     Type
  csz_string      1    wreg     PTR const unsigned char 
		 -> STR_1(9), 
 Auto vars:     Size  Location     Type
  csz_string      1    2[BANK0 ] PTR const unsigned char 
		 -> STR_1(9), 
 Return value:  Size  Location     Type
                  1    wreg      void 
 Registers used:
		wreg, fsr0l, fsr0h, status,2, status,0, pclath, cstack
 Tracked objects:
		On entry : 
		On exit  : 
		Unchanged: 
 Data sizes:     COMMON   BANK0   BANK1   BANK3   BANK2
      Params:         0       0       0       0       0
      Locals:         0       1       0       0       0
      Temps:          0       1       0       0       0
      Totals:         0       2       0       0       0
Total ram usage:        2 bytes
 Hardware stack levels used:    1
 Hardware stack levels required when called:    4
 This function calls:
		_lcd_2ndline
		_lcd_putchar
 This function is called by:
		_main
 This function uses a non-reentrant model


 *************** function _lcd_2ndline *****************
 Defined at:
		line 178 in file "lcd.c"
 Parameters:    Size  Location     Type
		None
 Auto vars:     Size  Location     Type
		None
 Return value:  Size  Location     Type
                  1    wreg      void 
 Registers used:
		wreg, status,2, status,0, pclath, cstack
 Tracked objects:
		On entry : 
		On exit  : 
		Unchanged: 
 Data sizes:     COMMON   BANK0   BANK1   BANK3   BANK2
      Params:         0       0       0       0       0
      Locals:         0       0       0       0       0
      Temps:          1       0       0       0       0
      Totals:         1       0       0       0       0
Total ram usage:        1 bytes
 Hardware stack levels used:    1
 Hardware stack levels required when called:    3
 This function calls:
		_send_lcd_data
 This function is called by:
		_lcd_putstr
 This function uses a non-reentrant model


 *************** function _lcd_initialize *****************
 Defined at:
		line 100 in file "lcd.c"
 Parameters:    Size  Location     Type
		None
 Auto vars:     Size  Location     Type
		None
 Return value:  Size  Location     Type
                  1    wreg      void 
 Registers used:
		wreg, status,2, status,0, pclath, cstack
 Tracked objects:
		On entry : 
		On exit  : 
		Unchanged: 
 Data sizes:     COMMON   BANK0   BANK1   BANK3   BANK2
      Params:         0       0       0       0       0
      Locals:         0       0       0       0       0
      Temps:          0       2       0       0       0
      Totals:         0       2       0       0       0
Total ram usage:        2 bytes
 Hardware stack levels used:    1
 Hardware stack levels required when called:    4
 This function calls:
		_lcd_clear
		_send_lcd_data
		_set_lcd_e
 This function is called by:
		_main
 This function uses a non-reentrant model


 *************** function _lcd_clear *****************
 Defined at:
		line 136 in file "lcd.c"
 Parameters:    Size  Location     Type
		None
 Auto vars:     Size  Location     Type
		None
 Return value:  Size  Location     Type
                  1    wreg      void 
 Registers used:
		wreg, status,2, status,0, pclath, cstack
 Tracked objects:
		On entry : 
		On exit  : 
		Unchanged: 
 Data sizes:     COMMON   BANK0   BANK1   BANK3   BANK2
      Params:         0       0       0       0       0
      Locals:         0       0       0       0       0
      Temps:          0       0       0       0       0
      Totals:         0       0       0       0       0
Total ram usage:        0 bytes
 Hardware stack levels used:    1
 Hardware stack levels required when called:    3
 This function calls:
		_send_lcd_data
 This function is called by:
		_lcd_initialize
 This function uses a non-reentrant model


 *************** function _lcd_home *****************
 Defined at:
		line 157 in file "lcd.c"
 Parameters:    Size  Location     Type
		None
 Auto vars:     Size  Location     Type
		None
 Return value:  Size  Location     Type
                  1    wreg      void 
 Registers used:
		wreg, status,2, status,0, pclath, cstack
 Tracked objects:
		On entry : 
		On exit  : 
		Unchanged: 
 Data sizes:     COMMON   BANK0   BANK1   BANK3   BANK2
      Params:         0       0       0       0       0
      Locals:         0       0       0       0       0
      Temps:          1       0       0       0       0
      Totals:         1       0       0       0       0
Total ram usage:        1 bytes
 Hardware stack levels used:    1
 Hardware stack levels required when called:    3
 This function calls:
		_send_lcd_data
 This function is called by:
		_main
 This function uses a non-reentrant model


 *************** function _lcd_goto *****************
 Defined at:
		line 199 in file "lcd.c"
 Parameters:    Size  Location     Type
  uc_position     1    wreg     unsigned char 
 Auto vars:     Size  Location     Type
  uc_position     1    0[BANK0 ] unsigned char 
 Return value:  Size  Location     Type
                  1    wreg      void 
 Registers used:
		wreg, status,2, status,0, pclath, cstack
 Tracked objects:
		On entry : 
		On exit  : 
		Unchanged: 
 Data sizes:     COMMON   BANK0   BANK1   BANK3   BANK2
      Params:         0       0       0       0       0
      Locals:         0       1       0       0       0
      Temps:          1       0       0       0       0
      Totals:         1       1       0       0       0
Total ram usage:        2 bytes
 Hardware stack levels used:    1
 Hardware stack levels required when called:    3
 This function calls:
		_send_lcd_data
 This function is called by:
		_main
 This function uses a non-reentrant model


 *************** function _lcd_bcd *****************
 Defined at:
		line 274 in file "lcd.c"
 Parameters:    Size  Location     Type
  uc_digit        1    wreg     unsigned char 
  ui_number       2    3[BANK0 ] unsigned int 
 Auto vars:     Size  Location     Type
  uc_digit        1   19[BANK0 ] unsigned char 
  ui_decimal     10    9[BANK0 ] unsigned int [5]
 Return value:  Size  Location     Type
                  1    wreg      void 
 Registers used:
		wreg, fsr0l, fsr0h, status,2, status,0, pclath, cstack
 Tracked objects:
		On entry : 
		On exit  : 
		Unchanged: 
 Data sizes:     COMMON   BANK0   BANK1   BANK3   BANK2
      Params:         0       2       0       0       0
      Locals:         0      11       0       0       0
      Temps:          0       4       0       0       0
      Totals:         0      17       0       0       0
Total ram usage:       17 bytes
 Hardware stack levels used:    1
 Hardware stack levels required when called:    4
 This function calls:
		___lwdiv
		___lwmod
		_lcd_putchar
 This function is called by:
		_main
 This function uses a non-reentrant model


 *************** function _lcd_putchar *****************
 Defined at:
		line 220 in file "lcd.c"
 Parameters:    Size  Location     Type
  c_data          1    wreg     unsigned char 
 Auto vars:     Size  Location     Type
  c_data          1    0[BANK0 ] unsigned char 
 Return value:  Size  Location     Type
                  1    wreg      void 
 Registers used:
		wreg, status,2, status,0, pclath, cstack
 Tracked objects:
		On entry : 
		On exit  : 
		Unchanged: 
 Data sizes:     COMMON   BANK0   BANK1   BANK3   BANK2
      Params:         0       0       0       0       0
      Locals:         0       1       0       0       0
      Temps:          1       0       0       0       0
      Totals:         1       1       0       0       0
Total ram usage:        2 bytes
 Hardware stack levels used:    1
 Hardware stack levels required when called:    3
 This function calls:
		_send_lcd_data
 This function is called by:
		_lcd_putstr
		_lcd_bcd
 This function uses a non-reentrant model


 *************** function _send_lcd_data *****************
 Defined at:
		line 308 in file "lcd.c"
 Parameters:    Size  Location     Type
  b_rs            1    wreg     unsigned char 
  uc_data         1    5[COMMON] unsigned char 
 Auto vars:     Size  Location     Type
  b_rs            1    8[COMMON] unsigned char 
 Return value:  Size  Location     Type
                  1    wreg      void 
 Registers used:
		wreg, status,2, status,0, pclath, cstack
 Tracked objects:
		On entry : 
		On exit  : 
		Unchanged: 
 Data sizes:     COMMON   BANK0   BANK1   BANK3   BANK2
      Params:         1       0       0       0       0
      Locals:         1       0       0       0       0
      Temps:          2       0       0       0       0
      Totals:         4       0       0       0       0
Total ram usage:        4 bytes
 Hardware stack levels used:    1
 Hardware stack levels required when called:    2
 This function calls:
		_set_lcd_data
		_set_lcd_e
		_set_lcd_rs
 This function is called by:
		_lcd_initialize
		_lcd_clear
		_lcd_home
		_lcd_2ndline
		_lcd_goto
		_lcd_putchar
 This function uses a non-reentrant model


 *************** function _set_lcd_rs *****************
 Defined at:
		line 360 in file "lcd.c"
 Parameters:    Size  Location     Type
  b_output        1    wreg     unsigned char 
 Auto vars:     Size  Location     Type
  b_output        1    4[COMMON] unsigned char 
 Return value:  Size  Location     Type
                  1    wreg      void 
 Registers used:
		wreg
 Tracked objects:
		On entry : 
		On exit  : 
		Unchanged: 
 Data sizes:     COMMON   BANK0   BANK1   BANK3   BANK2
      Params:         0       0       0       0       0
      Locals:         1       0       0       0       0
      Temps:          0       0       0       0       0
      Totals:         1       0       0       0       0
Total ram usage:        1 bytes
 Hardware stack levels used:    1
 Hardware stack levels required when called:    1
 This function calls:
		Nothing
 This function is called by:
		_send_lcd_data
 This function uses a non-reentrant model


 *************** function _set_lcd_e *****************
 Defined at:
		line 340 in file "lcd.c"
 Parameters:    Size  Location     Type
  b_output        1    wreg     unsigned char 
 Auto vars:     Size  Location     Type
  b_output        1    4[COMMON] unsigned char 
 Return value:  Size  Location     Type
                  1    wreg      void 
 Registers used:
		wreg
 Tracked objects:
		On entry : 
		On exit  : 
		Unchanged: 
 Data sizes:     COMMON   BANK0   BANK1   BANK3   BANK2
      Params:         0       0       0       0       0
      Locals:         1       0       0       0       0
      Temps:          0       0       0       0       0
      Totals:         1       0       0       0       0
Total ram usage:        1 bytes
 Hardware stack levels used:    1
 Hardware stack levels required when called:    1
 This function calls:
		Nothing
 This function is called by:
		_lcd_initialize
		_send_lcd_data
 This function uses a non-reentrant model


 *************** function _set_lcd_data *****************
 Defined at:
		line 380 in file "lcd.c"
 Parameters:    Size  Location     Type
  uc_data         1    wreg     unsigned char 
 Auto vars:     Size  Location     Type
  uc_data         1    4[COMMON] unsigned char 
 Return value:  Size  Location     Type
                  1    wreg      void 
 Registers used:
		wreg
 Tracked objects:
		On entry : 
		On exit  : 
		Unchanged: 
 Data sizes:     COMMON   BANK0   BANK1   BANK3   BANK2
      Params:         0       0       0       0       0
      Locals:         1       0       0       0       0
      Temps:          0       0       0       0       0
      Totals:         1       0       0       0       0
Total ram usage:        1 bytes
 Hardware stack levels used:    1
 Hardware stack levels required when called:    1
 This function calls:
		Nothing
 This function is called by:
		_send_lcd_data
 This function uses a non-reentrant model


 *************** function ___lwmod *****************
 Defined at:
		line 6 in file "C:\Program Files (x86)\Microchip\xc8\v1.45\sources\common\lwmod.c"
 Parameters:    Size  Location     Type
  divisor         2    4[COMMON] unsigned int 
  dividend        2    6[COMMON] unsigned int 
 Auto vars:     Size  Location     Type
  counter         1    9[COMMON] unsigned char 
 Return value:  Size  Location     Type
                  2    4[COMMON] unsigned int 
 Registers used:
		wreg, status,2, status,0
 Tracked objects:
		On entry : 
		On exit  : 
		Unchanged: 
 Data sizes:     COMMON   BANK0   BANK1   BANK3   BANK2
      Params:         4       0       0       0       0
      Locals:         1       0       0       0       0
      Temps:          1       0       0       0       0
      Totals:         6       0       0       0       0
Total ram usage:        6 bytes
 Hardware stack levels used:    1
 Hardware stack levels required when called:    1
 This function calls:
		Nothing
 This function is called by:
		_lcd_bcd
 This function uses a non-reentrant model


 *************** function ___lwdiv *****************
 Defined at:
		line 6 in file "C:\Program Files (x86)\Microchip\xc8\v1.45\sources\common\lwdiv.c"
 Parameters:    Size  Location     Type
  divisor         2    4[COMMON] unsigned int 
  dividend        2    6[COMMON] unsigned int 
 Auto vars:     Size  Location     Type
  quotient        2    0[BANK0 ] unsigned int 
  counter         1    2[BANK0 ] unsigned char 
 Return value:  Size  Location     Type
                  2    4[COMMON] unsigned int 
 Registers used:
		wreg, status,2, status,0
 Tracked objects:
		On entry : 
		On exit  : 
		Unchanged: 
 Data sizes:     COMMON   BANK0   BANK1   BANK3   BANK2
      Params:         4       0       0       0       0
      Locals:         0       3       0       0       0
      Temps:          1       0       0       0       0
      Totals:         5       3       0       0       0
Total ram usage:        8 bytes
 Hardware stack levels used:    1
 Hardware stack levels required when called:    1
 This function calls:
		Nothing
 This function is called by:
		_lcd_bcd
 This function uses a non-reentrant model


 *************** function _adc_on *****************
 Defined at:
		line 64 in file "adc.c"
 Parameters:    Size  Location     Type
		None
 Auto vars:     Size  Location     Type
		None
 Return value:  Size  Location     Type
                  1    wreg      void 
 Registers used:
		None
 Tracked objects:
		On entry : 
		On exit  : 
		Unchanged: 
 Data sizes:     COMMON   BANK0   BANK1   BANK3   BANK2
      Params:         0       0       0       0       0
      Locals:         0       0       0       0       0
      Temps:          0       0       0       0       0
      Totals:         0       0       0       0       0
Total ram usage:        0 bytes
 Hardware stack levels used:    1
 Hardware stack levels required when called:    1
 This function calls:
		Nothing
 This function is called by:
		_main
 This function uses a non-reentrant model


 *************** function _adc_initialize *****************
 Defined at:
		line 28 in file "adc.c"
 Parameters:    Size  Location     Type
		None
 Auto vars:     Size  Location     Type
		None
 Return value:  Size  Location     Type
                  1    wreg      void 
 Registers used:
		None
 Tracked objects:
		On entry : 
		On exit  : 
		Unchanged: 
 Data sizes:     COMMON   BANK0   BANK1   BANK3   BANK2
      Params:         0       0       0       0       0
      Locals:         0       0       0       0       0
      Temps:          0       0       0       0       0
      Totals:         0       0       0       0       0
Total ram usage:        0 bytes
 Hardware stack levels used:    1
 Hardware stack levels required when called:    1
 This function calls:
		Nothing
 This function is called by:
		_main
 This function uses a non-reentrant model


 *************** function ___lwtoft *****************
 Defined at:
		line 28 in file "C:\Program Files (x86)\Microchip\xc8\v1.45\sources\common\lwtoft.c"
 Parameters:    Size  Location     Type
  c               2    3[BANK0 ] unsigned int 
 Auto vars:     Size  Location     Type
		None
 Return value:  Size  Location     Type
                  3    3[BANK0 ] float 
 Registers used:
		wreg, status,2, status,0, pclath, cstack
 Tracked objects:
		On entry : 
		On exit  : 
		Unchanged: 
 Data sizes:     COMMON   BANK0   BANK1   BANK3   BANK2
      Params:         0       3       0       0       0
      Locals:         0       0       0       0       0
      Temps:          0       1       0       0       0
      Totals:         0       4       0       0       0
Total ram usage:        4 bytes
 Hardware stack levels used:    1
 Hardware stack levels required when called:    2
 This function calls:
		___ftpack
 This function is called by:
		_main
 This function uses a non-reentrant model


 *************** function ___fttol *****************
 Defined at:
		line 44 in file "C:\Program Files (x86)\Microchip\xc8\v1.45\sources\common\fttol.c"
 Parameters:    Size  Location     Type
  f1              3   23[BANK0 ] float 
 Auto vars:     Size  Location     Type
  lval            4   32[BANK0 ] unsigned long 
  exp1            1   36[BANK0 ] unsigned char 
  sign1           1   31[BANK0 ] unsigned char 
 Return value:  Size  Location     Type
                  4   23[BANK0 ] long 
 Registers used:
		wreg, status,2, status,0
 Tracked objects:
		On entry : 
		On exit  : 
		Unchanged: 
 Data sizes:     COMMON   BANK0   BANK1   BANK3   BANK2
      Params:         0       4       0       0       0
      Locals:         0       6       0       0       0
      Temps:          0       4       0       0       0
      Totals:         0      14       0       0       0
Total ram usage:       14 bytes
 Hardware stack levels used:    1
 Hardware stack levels required when called:    1
 This function calls:
		Nothing
 This function is called by:
		_main
 This function uses a non-reentrant model


 *************** function ___ftmul *****************
 Defined at:
		line 62 in file "C:\Program Files (x86)\Microchip\xc8\v1.45\sources\common\ftmul.c"
 Parameters:    Size  Location     Type
  f1              3    7[BANK0 ] float 
  f2              3   10[BANK0 ] float 
 Auto vars:     Size  Location     Type
  f3_as_produc    3   18[BANK0 ] unsigned um
  sign            1   22[BANK0 ] unsigned char 
  cntr            1   21[BANK0 ] unsigned char 
  exp             1   17[BANK0 ] unsigned char 
 Return value:  Size  Location     Type
                  3    7[BANK0 ] float 
 Registers used:
		wreg, status,2, status,0, pclath, cstack
 Tracked objects:
		On entry : 
		On exit  : 
		Unchanged: 
 Data sizes:     COMMON   BANK0   BANK1   BANK3   BANK2
      Params:         0       6       0       0       0
      Locals:         0       6       0       0       0
      Temps:          0       4       0       0       0
      Totals:         0      16       0       0       0
Total ram usage:       16 bytes
 Hardware stack levels used:    1
 Hardware stack levels required when called:    2
 This function calls:
		___ftpack
 This function is called by:
		_main
 This function uses a non-reentrant model


 *************** function ___ftpack *****************
 Defined at:
		line 62 in file "C:\Program Files (x86)\Microchip\xc8\v1.45\sources\common\float.c"
 Parameters:    Size  Location     Type
  arg             3    4[COMMON] unsigned um
  exp             1    7[COMMON] unsigned char 
  sign            1    8[COMMON] unsigned char 
 Auto vars:     Size  Location     Type
		None
 Return value:  Size  Location     Type
                  3    4[COMMON] float 
 Registers used:
		wreg, status,2, status,0
 Tracked objects:
		On entry : 
		On exit  : 
		Unchanged: 
 Data sizes:     COMMON   BANK0   BANK1   BANK3   BANK2
      Params:         5       0       0       0       0
      Locals:         0       0       0       0       0
      Temps:          0       3       0       0       0
      Totals:         5       3       0       0       0
Total ram usage:        8 bytes
 Hardware stack levels used:    1
 Hardware stack levels required when called:    1
 This function calls:
		Nothing
 This function is called by:
		___ftmul
		___lwtoft
 This function uses a non-reentrant model


 *************** function _InitApp *****************
 Defined at:
		line 22 in file "user.c"
 Parameters:    Size  Location     Type
		None
 Auto vars:     Size  Location     Type
		None
 Return value:  Size  Location     Type
                  1    wreg      void 
 Registers used:
		None
 Tracked objects:
		On entry : 
		On exit  : 
		Unchanged: 
 Data sizes:     COMMON   BANK0   BANK1   BANK3   BANK2
      Params:         0       0       0       0       0
      Locals:         0       0       0       0       0
      Temps:          0       0       0       0       0
      Totals:         0       0       0       0       0
Total ram usage:        0 bytes
 Hardware stack levels used:    1
 Hardware stack levels required when called:    1
 This function calls:
		Nothing
 This function is called by:
		_main
 This function uses a non-reentrant model


 *************** function _isr *****************
 Defined at:
		line 23 in file "interrupts.c"
 Parameters:    Size  Location     Type
		None
 Auto vars:     Size  Location     Type
		None
 Return value:  Size  Location     Type
                  1    wreg      void 
 Registers used:
		None
 Tracked objects:
		On entry : 
		On exit  : 
		Unchanged: 
 Data sizes:     COMMON   BANK0   BANK1   BANK3   BANK2
      Params:         0       0       0       0       0
      Locals:         0       0       0       0       0
      Temps:          4       0       0       0       0
      Totals:         4       0       0       0       0
Total ram usage:        4 bytes
 Hardware stack levels used:    1
 This function calls:
		Nothing
 This function is called by:
		Interrupt level 1
 This function uses a non-reentrant model



MODULE INFORMATION

Module		Function		Class		Link	Load	Size
C:\Program Files (x86)\Microchip\xc8\v1.45\sources\common\float.c
		___ftpack      		CODE           	02CF	0000	115

C:\Program Files (x86)\Microchip\xc8\v1.45\sources\common\float.c estimated size: 115

interrupts.c
		_isr           		CODE           	04EA	0000	12

interrupts.c estimated size: 12

C:\Program Files (x86)\Microchip\xc8\v1.45\sources\common\lwmod.c
		___lwmod       		CODE           	0428	0000	51

C:\Program Files (x86)\Microchip\xc8\v1.45\sources\common\lwmod.c estimated size: 51

C:\Program Files (x86)\Microchip\xc8\v1.45\sources\common\ftmul.c
		___ftmul       		CODE           	0025	0000	212

C:\Program Files (x86)\Microchip\xc8\v1.45\sources\common\ftmul.c estimated size: 212

adc.c
		_adc_initialize		CODE           	04AC	0000	16
		_adc_on        		CODE           	0514	0000	5
		_ui_adc_read   		CODE           	045A	0000	44

adc.c estimated size: 65

shared
		__stringtab    		STRING         	049D	0000	7
		__initialization		CODE           	0015	0000	13

shared estimated size: 20

C:\Program Files (x86)\Microchip\xc8\v1.45\sources\common\fttol.c
		___fttol       		CODE           	01C6	0000	143

C:\Program Files (x86)\Microchip\xc8\v1.45\sources\common\fttol.c estimated size: 143

C:\Program Files (x86)\Microchip\xc8\v1.45\sources\common\lwdiv.c
		___lwdiv       		CODE           	0341	0000	63

C:\Program Files (x86)\Microchip\xc8\v1.45\sources\common\lwdiv.c estimated size: 63

lcd.c
		_set_lcd_e     		CODE           	04DF	0000	12
		_set_lcd_rs    		CODE           	04D4	0000	12
		_lcd_2ndline   		CODE           	04F5	0000	10
		_set_lcd_data  		CODE           	050E	0000	7
		_lcd_putstr    		CODE           	037F	0000	61
		_lcd_putchar   		CODE           	04C8	0000	13
		_lcd_initialize		CODE           	03BB	0000	57
		_lcd_clear     		CODE           	0507	0000	8
		_lcd_goto      		CODE           	04BB	0000	14
		_lcd_bcd       		CODE           	00F8	0000	207
		_send_lcd_data 		CODE           	03F3	0000	54
		_lcd_home      		CODE           	04FE	0000	10

lcd.c estimated size: 465

user.c
		_InitApp       		CODE           	0518	0000	2

user.c estimated size: 2

main.c
		_main          		CODE           	0254	0000	124

main.c estimated size: 124

C:\Program Files (x86)\Microchip\xc8\v1.45\sources\common\lwtoft.c
		___lwtoft      		CODE           	0485	0000	25

C:\Program Files (x86)\Microchip\xc8\v1.45\sources\common\lwtoft.c estimated size: 25

