Microchip MPLAB XC8 Compiler V2.32

Linker command line:

-W-3 --edf=C:\Program Files\Microchip\xc8\v2.32\pic\dat\en_msgs.txt -cn \
  -h+dist/XC8_PIC16F877A/production\PIC16F877A_edollar_monitor_control.X.production.sym \
  --cmf=dist/XC8_PIC16F877A/production\PIC16F877A_edollar_monitor_control.X.production.cmf \
  -z -Q16F877A -oC:\Users\AMIRAZ~1\AppData\Local\Temp\xcAsj7k.4 \
  -Mdist/XC8_PIC16F877A/production/PIC16F877A_edollar_monitor_control.X.production.map \
  -E1 -ver=XC8 Compiler -ASTACK=0110h-016Fh -pstack=STACK \
  -ACODE=00h-07FFhx4 -ASTRCODE=00h-01FFFh -ASTRING=00h-0FFhx32 \
  -ACONST=00h-0FFhx32 -AENTRY=00h-0FFhx32 -ACOMMON=070h-07Fh \
  -ABANK0=020h-06Fh -ABANK1=0A0h-0EFh -ABANK2=0110h-016Fh \
  -ABANK3=0190h-01EFh -ARAM=020h-06Fh,0A0h-0EFh,0110h-016Fh,0190h-01EFh \
  -AABS1=020h-07Fh,0A0h-0EFh,0110h-016Fh,0190h-01EFh -ASFR0=00h-01Fh \
  -ASFR1=080h-09Fh -ASFR2=0100h-010Fh -ASFR3=0180h-018Fh \
  -ACONFIG=02007h-02007h -DCONFIG=2 -AIDLOC=02000h-02003h -DIDLOC=2 \
  -AEEDATA=00h-0FFh/02100h -peeprom_data=EEDATA -DEEDATA=2 -DCODE=2 \
  -DSTRCODE=2 -DSTRING=2 -DCONST=2 -DENTRY=2 \
  -preset_vec=00h,intentry=04h,init,end_init -ppowerup=CODE -pcinit=CODE \
  -pfunctab=ENTRY -k C:\Users\AMIRAZ~1\AppData\Local\Temp\xcAsj7k.obj \
  dist/XC8_PIC16F877A/production\PIC16F877A_edollar_monitor_control.X.production.obj 

Object code version is 3.11

Machine type is 16F877A



                Name                               Link     Load   Length Selector   Space Scale
C:\Users\AMIRAZ~1\AppData\Local\Temp\xcAsj7k.obj
                end_init                              C        C        3        8       0
                reset_vec                             0        0        3        0       0
                config                             2007     2007        1        0       4
dist/XC8_PIC16F877A/production\PIC16F877A_edollar_monitor_control.X.production.obj
                cinit                                 F        F       10        8       0
                intentry                              4        4        8        8       0
                config                             2007     2007        1        0       4
                text12                              1CA      1CA        7      322       0
                text11                              1D5      1D5        1      322       0
                text10                              1D1      1D1        4      322       0
                text9                               19C      19C        B      322       0
                text8                               191      191        B      322       0
                text7                               120      120       35        8       0
                text6                               1BA      1BA        9      322       0
                text5                               1C3      1C3        7      322       0
                text4                               155      155       31        8       0
                text3                               1B1      1B1        9      322       0
                text2                               1A7      1A7        A      322       0
                text1                                EA       EA       36        8       0
                maintext                             1F       1F       CB        8       0
                cstackBANK0                          20       20       11       20       1
                cstackCOMMON                         70       70        B       70       1
                bssBANK0                             31       31        A       20       1
                strings                             186      186        B      30C       0

TOTAL           Name                               Link     Load   Length     Space
        CLASS   STACK          

        CLASS   CODE           
                end_init                              C        C        3         0
                cinit                                 F        F       10         0
                intentry                              4        4        8         0
                reset_vec                             0        0        3         0
                text12                              1CA      1CA        7         0
                text11                              1D5      1D5        1         0
                text10                              1D1      1D1        4         0
                text9                               19C      19C        B         0
                text8                               191      191        B         0
                text7                               120      120       35         0
                text6                               1BA      1BA        9         0
                text5                               1C3      1C3        7         0
                text4                               155      155       31         0
                text3                               1B1      1B1        9         0
                text2                               1A7      1A7        A         0
                text1                                EA       EA       36         0
                maintext                             1F       1F       CB         0

        CLASS   STRCODE        

        CLASS   STRING         
                strings                             186      186        B         0

        CLASS   CONST          

        CLASS   ENTRY          

        CLASS   COMMON         
                cstackCOMMON                         70       70        B         1

        CLASS   BANK0          
                cstackBANK0                          20       20       11         1
                bssBANK0                             31       31        A         1

        CLASS   BANK1          

        CLASS   BANK2          

        CLASS   BANK3          

        CLASS   RAM            

        CLASS   ABS1           
                abs_s1                               7E       7E        2         1

        CLASS   SFR0           

        CLASS   SFR1           

        CLASS   SFR2           

        CLASS   SFR3           

        CLASS   CONFIG         
                config                             2007     2007        1         4

        CLASS   IDLOC          

        CLASS   EEDATA         



SEGMENTS        Name                           Load    Length   Top    Selector   Space  Class     Delta

                reset_vec                      000000  000003  000003         0       0  CODE        2
                intentry                       000004  000182  000186         8       0  CODE        2
                cstackBANK0                    000020  00001B  00003B        20       1  BANK0       1
                cstackCOMMON                   000070  00000B  00007B        70       1  COMMON      1
                strings                        000186  00000B  000191       30C       0  STRING      2
                text8                          000191  000045  0001D6       322       0  CODE        2


UNUSED ADDRESS RANGES

        Name                Unused          Largest block    Delta
        BANK0            003B-006F             35           1
        BANK1            00A0-00EF             50           1
        BANK2            0110-016F             60           1
        BANK3            0190-01EF             60           1
        CODE             0003-0003              1           2
                         01D6-1FFF            800
        COMMON           007B-007D              3           1
        CONST            0003-0003              1           2
                         01D6-1FFF            100
        EEDATA           2100-21FF            100           2
        ENTRY            0003-0003              1           2
                         01D6-1FFF            100
        IDLOC            2000-2003              4           2
        RAM              003B-006F             35           1
                         00A0-00EF             50
                         0110-016F             60
                         0190-01EF             60
        SFR0             0000-001F             20           1
        SFR1             0080-009F             20           1
        SFR2             0100-010F             10           1
        SFR3             0180-018F             10           1
        STACK            0110-016F             60           1
        STRCODE          0003-0003              1           2
                         01D6-1FFF           1E2A
        STRING           0003-0003              1           2
                         01D6-1FFF            100

                                  Symbol Table

_InitApp                     text11       01D5
_PORTA                       (abs)        0005
_PORTB                       (abs)        0006
_PORTC                       (abs)        0007
_PORTD                       (abs)        0008
_RB1                         (abs)        0031
_RB2                         (abs)        0032
_RB3                         (abs)        0033
_RB4                         (abs)        0034
_RB5                         (abs)        0035
_TRISA                       (abs)        0085
_TRISB                       (abs)        0086
_TRISC                       (abs)        0087
_TRISD                       (abs)        0088
__Habs1                      abs1         0000
__Hbank0                     bank0        0000
__Hbank1                     bank1        0000
__Hbank2                     bank2        0000
__Hbank3                     bank3        0000
__HbssBANK0                  bssBANK0     0000
__Hcinit                     cinit        001F
__Hclrtext                   clrtext      0000
__Hcode                      code         0000
__Hcommon                    common       0000
__Hconfig                    config       2008
__HcstackBANK0               cstackBANK0  0000
__HcstackCOMMON              cstackCOMMON 0000
__Heeprom_data               eeprom_data  0000
__Hend_init                  end_init     000F
__Hfunctab                   functab      0000
__Hinit                      init         000C
__Hintentry                  intentry     000C
__Hmaintext                  maintext     0000
__Hpowerup                   powerup      0000
__Hram                       ram          0000
__Hreset_vec                 reset_vec    0003
__Hsfr0                      sfr0         0000
__Hsfr1                      sfr1         0000
__Hsfr2                      sfr2         0000
__Hsfr3                      sfr3         0000
__Hspace_0                   (abs)        01D6
__Hspace_1                   (abs)        007B
__Hspace_2                   (abs)        0000
__Hspace_3                   (abs)        0000
__Hspace_4                   (abs)        400F
__Hstack                     stack        0000
__Hstrings                   strings      0000
__Htext                      text         0000
__Labs1                      abs1         0000
__Lbank0                     bank0        0000
__Lbank1                     bank1        0000
__Lbank2                     bank2        0000
__Lbank3                     bank3        0000
__LbssBANK0                  bssBANK0     0000
__Lcinit                     cinit        000F
__Lclrtext                   clrtext      0000
__Lcode                      code         0000
__Lcommon                    common       0000
__Lconfig                    config       0000
__LcstackBANK0               cstackBANK0  0000
__LcstackCOMMON              cstackCOMMON 0000
__Leeprom_data               eeprom_data  0000
__Lend_init                  end_init     000C
__Lfunctab                   functab      0000
__Linit                      init         000C
__Lintentry                  intentry     0004
__Lmaintext                  maintext     0000
__Lpowerup                   powerup      0000
__Lram                       ram          0000
__Lreset_vec                 reset_vec    0000
__Lsfr0                      sfr0         0000
__Lsfr1                      sfr1         0000
__Lsfr2                      sfr2         0000
__Lsfr3                      sfr3         0000
__Lspace_0                   (abs)        0000
__Lspace_1                   (abs)        0000
__Lspace_2                   (abs)        0000
__Lspace_3                   (abs)        0000
__Lspace_4                   (abs)        0000
__Lstack                     stack        0000
__Lstrings                   strings      0000
__Ltext                      text         0000
__S0                         (abs)        01D6
__S1                         (abs)        007B
__S2                         (abs)        0000
__S3                         (abs)        0000
___int_sp                    stack        0000
___latbits                   (abs)        0002
___sp                        stack        0000
___stackhi                   (abs)        0000
___stacklo                   (abs)        0000
__end_of_InitApp             text11       01D6
__end_of__initialization     cinit        001B
__end_of__stringtab          strings      018C
__end_of_isr                 text12       01D1
__end_of_lcd_2ndline         text3        01BA
__end_of_lcd_clear           text5        01CA
__end_of_lcd_home            text6        01C3
__end_of_lcd_initialize      text4        0186
__end_of_lcd_putchar         text2        01B1
__end_of_lcd_putstr          text1        0120
__end_of_main                maintext     00EA
__end_of_send_lcd_data       text7        0155
__end_of_set_lcd_data        text10       01D5
__end_of_set_lcd_e           text9        01A7
__end_of_set_lcd_rs          text8        019C
__initialization             cinit        000F
__pbssBANK0                  bssBANK0     0031
__pcstackBANK0               cstackBANK0  0020
__pcstackCOMMON              cstackCOMMON 0070
__pintentry                  intentry     0004
__pmaintext                  maintext     001F
__pstrings                   strings      0186
__ptext1                     text1        00EA
__ptext10                    text10       01D1
__ptext11                    text11       01D5
__ptext12                    text12       01CA
__ptext2                     text2        01A7
__ptext3                     text3        01B1
__ptext4                     text4        0155
__ptext5                     text5        01C3
__ptext6                     text6        01BA
__ptext7                     text7        0120
__ptext8                     text8        0191
__ptext9                     text9        019C
__size_of_InitApp            (abs)        0000
__size_of_isr                (abs)        0000
__size_of_lcd_2ndline        (abs)        0000
__size_of_lcd_clear          (abs)        0000
__size_of_lcd_home           (abs)        0000
__size_of_lcd_initialize     (abs)        0000
__size_of_lcd_putchar        (abs)        0000
__size_of_lcd_putstr         (abs)        0000
__size_of_main               (abs)        0000
__size_of_send_lcd_data      (abs)        0000
__size_of_set_lcd_data       (abs)        0000
__size_of_set_lcd_e          (abs)        0000
__size_of_set_lcd_rs         (abs)        0000
__stringbase                 strings      018B
__stringtab                  strings      0186
_isr                         text12       01CA
_lcd_2ndline                 text3        01B1
_lcd_clear                   text5        01C3
_lcd_home                    text6        01BA
_lcd_initialize              text4        0155
_lcd_putchar                 text2        01A7
_lcd_putstr                  text1        00EA
_main                        maintext     001F
_send_lcd_data               text7        0120
_set_lcd_data                text10       01D1
_set_lcd_e                   text9        019C
_set_lcd_rs                  text8        0191
btemp                        (abs)        007E
end_of_initialization        cinit        001B
interrupt_function           intentry     0004
intlevel0                    functab      0000
intlevel1                    functab      0000
intlevel2                    functab      0000
intlevel3                    functab      0000
intlevel4                    functab      0000
intlevel5                    functab      0000
lcd_putchar@c_data           cstackCOMMON 0078
lcd_putstr@csz_string        cstackCOMMON 007A
main@buttonState             cstackBANK0  002B
main@cur_sec_monitor_state   cstackBANK0  0029
main@last_main_monitor_state cstackBANK0  0025
main@last_sec_monitor_state  cstackBANK0  0027
main@lastbuttonState         cstackBANK0  0023
main@main_monitor_state      cstackBANK0  002D
main@sec_monitor_state       cstackBANK0  002F
reset_vec                    reset_vec    0000
saved_w                      (abs)        007E
send_lcd_data@b_rs           cstackCOMMON 0076
send_lcd_data@uc_data        cstackCOMMON 0073
set_lcd_data@uc_data         cstackCOMMON 0072
set_lcd_e@b_output           cstackCOMMON 0072
set_lcd_rs@b_output          cstackCOMMON 0072
start                        init         000C
start_initialization         cinit        000F
wtemp0                       (abs)        007E


MODULE INFORMATION

Module		Function		Class		Link	Load	Size
interrupts.c
		_isr           		CODE           	01CA	0000	7

interrupts.c estimated size: 7

shared
		__stringtab    		STRING         	0186	0000	6
		__initialization		CODE           	000F	0000	12

shared estimated size: 18

lcd.c
		_set_lcd_e     		CODE           	019C	0000	11
		_set_lcd_rs    		CODE           	0191	0000	11
		_lcd_2ndline   		CODE           	01B1	0000	9
		_set_lcd_data  		CODE           	01D1	0000	4
		_lcd_putstr    		CODE           	00EA	0000	54
		_lcd_putchar   		CODE           	01A7	0000	10
		_lcd_initialize		CODE           	0155	0000	49
		_lcd_clear     		CODE           	01C3	0000	7
		_send_lcd_data 		CODE           	0120	0000	53
		_lcd_home      		CODE           	01BA	0000	9

lcd.c estimated size: 217

user.c
		_InitApp       		CODE           	01D5	0000	1

user.c estimated size: 1

main.c
		_main          		CODE           	001F	0000	203

main.c estimated size: 203

